配札数: 200000

=== 2人卓 ===
  席   前で続けた人数 0,1,2,... ごとの「続ける最低勝率」        継続率   1ハンド損得
  1番目  19.6%                                           93.8%   -0.0518
        200000                                          (場面の出現数)
  2番目   0.0%  35.3%                                    73.1%   +0.0050
         12478 187522                                   (場面の出現数)

=== 3人卓 ===
  席   前で続けた人数 0,1,2,... ごとの「続ける最低勝率」        継続率   1ハンド損得
  1番目  42.6%                                           59.1%   -0.0556
        200000                                          (場面の出現数)
  2番目   0.0%  55.7%                                    64.2%   -0.0036
         81778 118222                                   (場面の出現数)
  3番目   0.0%  41.4%  64.9%                             52.6%   +0.0101
             0 153287  46713                            (場面の出現数)

=== 4人卓 ===
  席   前で続けた人数 0,1,2,... ごとの「続ける最低勝率」        継続率   1ハンド損得
  1番目  52.8%                                           42.8%   -0.0485
        200000                                          (場面の出現数)
  2番目  38.8%  65.7%                                    47.9%   -0.0310
        114445  85555                                   (場面の出現数)
  3番目   0.0%  56.6%  75.9%                             47.7%   +0.0143
         40922 136749  22329                            (場面の出現数)
  4番目   0.0%  45.4%  67.7%  72.6%                      42.4%   +0.0149
             0 126695  69723   3582                     (場面の出現数)

=== 5人卓 ===
  席   前で続けた人数 0,1,2,... ごとの「続ける最低勝率」        継続率   1ハンド損得
  1番目  58.5%                                           34.4%   -0.0418
        200000                                          (場面の出現数)
  2番目  51.7%  72.5%                                    34.8%   -0.0305
        131154  68846                                   (場面の出現数)
  3番目  30.6%  66.4%  78.7%                             43.4%   -0.0081
         74254 113013  12733                            (場面の出現数)
  4番目   0.1%  57.4%  74.5%  74.5%                      37.4%   +0.0124
         17058 142260  38965   1717                     (場面の出現数)
  5番目   0.0%  49.0%  70.9%  82.5%  82.5%               34.2%   +0.0169
             0 108664  82904   8109    323              (場面の出現数)

=== 6人卓 ===
  席   前で続けた人数 0,1,2,... ごとの「続ける最低勝率」        継続率   1ハンド損得
  1番目  62.5%                                           29.1%   -0.0370
        200000                                          (場面の出現数)
  2番目  59.3%  74.1%                                    28.0%   -0.0320
        141862  58138                                   (場面の出現数)
  3番目  48.5%  71.6%  79.6%                             32.6%   -0.0185
         95763  94370   9867                            (場面の出現数)
  4番目  20.7%  66.7%  79.6%  79.6%                      39.2%   +0.0030
         49704 122517  26534   1245                     (場面の出現数)
  5番目   0.0%  58.0%  76.4%  85.4%  85.9%               30.1%   +0.0145
          4401 138288  52726   4387    198              (場面の出現数)
  6番目   0.0%  52.9%  72.4%  82.7%  82.7%  82.7%        28.7%   +0.0181
             0  95184  92371  11887    540     18       (場面の出現数)

=== 7人卓 ===
  席   前で続けた人数 0,1,2,... ごとの「続ける最低勝率」        継続率   1ハンド損得
  1番目  66.3%                                           24.4%   -0.0309
        200000                                          (場面の出現数)
  2番目  64.2%  76.8%                                    23.5%   -0.0293
        151147  48853                                   (場面の出現数)
  3番目  55.6%  75.5%  80.7%                             27.6%   -0.0198
        111176  81757   7067                            (場面の出現数)
  4番目  45.8%  70.7%  82.4%  82.4%                      30.1%   -0.0090
         69360 111079  18726    835                     (場面の出現数)
  5番目   0.0%  66.6%  80.6%  81.6%  82.8%               34.1%   +0.0110
         33406 124846  38999   2643    106              (場面の出現数)
  6番目   8.3%  58.8%  77.1%  85.6%  85.6%  88.3%        26.1%   +0.0120
             0 128312  64508   6747    421     12       (場面の出現数)
  7番目   0.0%  54.5%  73.9%  84.5%  84.5%  84.5%  84.5%   25.3%   +0.0130
             0  85812  97833  15372    938     45      0  (場面の出現数)

=== 8人卓 ===
  席   前で続けた人数 0,1,2,... ごとの「続ける最低勝率」        継続率   1ハンド損得
  1番目  70.3%                                           20.0%   -0.0271
        200000                                          (場面の出現数)
  2番目  66.1%  78.4%                                    22.1%   -0.0275
        160009  39991                                   (場面の出現数)
  3番目  61.9%  77.3%  82.7%                             23.0%   -0.0209
        121023  73775   5202                            (場面の出現数)
  4番目  56.8%  74.3%  83.4%  83.4%                      24.1%   -0.0120
         85692  98950  14824    534                     (場面の出現数)
  5番目  35.3%  72.9%  82.3%  82.3%  82.3%               30.7%   -0.0010
         55199 113140  29723   1872     66              (場面の出現数)
  6番目   0.0%  66.5%  80.0%  85.0%  85.4%  85.4%        27.2%   +0.0103
         16910 131537  46626   4643    276      8       (場面の出現数)
  7番目   8.3%  60.9%  78.4%  85.7%  85.7%  85.7%  85.7%   22.5%   +0.0087
             0 116837  72742   9735    649     37      0  (場面の出現数)
  8番目   0.0%  55.4%  75.7%  84.7%  84.7%  84.7%  84.7%  84.7%   23.3%   +0.0159
             0  81815  98544  18205   1346     85      5      0  (場面の出現数)

保存: thresholds.json
