  8000 / 150000
  16000 / 150000
  24000 / 150000
  32000 / 150000
  40000 / 150000
  48000 / 150000
  56000 / 150000
  64000 / 150000
  72000 / 150000
  80000 / 150000
  88000 / 150000
  96000 / 150000
  104000 / 150000
  112000 / 150000
  120000 / 150000
  128000 / 150000
  136000 / 150000
  144000 / 150000

全体（場札の型をまとめた場合）
手の型                         出現率      勝率   後ろ7　後ろ5　後ろ3　後ろ1　後ろ0
ストレート以上                   0.75%   94.5%   ○　　全　　全　　全　　全
セット                       0.64%   93.2%   ○　　全　　全　　全　　全
トリップス                     1.47%   93.1%   ○　　全　　全　　全　　全
ツーペア                      1.94%   87.2%   ○　　全　　全　　全　　全
オーバーペア QQ以上               0.92%   82.8%   ○　　全　　全　　2　　3
オーバーペア JJ以下               0.44%   75.5%   ○　　0　　1　　1　　2
ペア＋フラッシュドロー               0.93%   76.7%   ○　　1　　1　　2　　2
トップペア Aキッカー               0.70%   81.1%   ○　　1　　1　　2　　2
トップペア K・Qキッカー             1.39%   80.7%   ○　　1　　1　　2　　2
トップペア J〜9キッカー             2.12%   80.5%   ○　　1　　1　　2　　2
トップペア 8以下キッカー             4.93%   78.0%   ○　　1　　1　　2　　2
ミドルペア                     8.16%   68.3%   ×　　0　　0　　1　　1
ボトムペア                     9.15%   58.6%   ×　　×　　0　　1　　1
アンダーペア（ボード中位）             2.35%   67.2%   ×　　0　　0　　1　　1
アンダーペア（ボード下位）             1.36%   48.3%   ×　　×　　×　　0　　1
コンボドロー（フラドロ＋ストレート）        0.67%   60.2%   ×　　×　　0　　1　　1
ナッツフラッシュドロー               0.37%   67.8%   ×　　0　　0　　1　　1
フラッシュドロー K・Qハイ            0.66%   62.4%   ×　　0　　0　　1　　1
フラッシュドロー 弱い               1.67%   50.3%   ×　　×　　0　　0　　1
オープンエンダー                  2.76%   47.1%   ×　　×　　×　　0　　1
ガットショット＋ツーオーバー            0.84%   47.6%   ×　　×　　×　　0　　1
ツーオーバー（A含む）               2.09%   52.8%   ×　　×　　0　　0　　1
ツーオーバー（Aなし）               3.52%   39.9%   ×　　×　　×　　0　　0
ガットショット                   7.23%   39.5%   ×　　×　　×　　0　　0
Aハイ                       5.74%   48.8%   ×　　×　　×　　0　　1
ノーペア                     37.21%   30.6%   ×　　×　　×　　0　　0

保存: handtable.json
