M3: targets=28 folds=['202603', '202604', '202605', '202606', '202607', '202608'] weights=[3.0, 10.0]
[202603] 中山ダ1800 33R done (13s)
[202603] 中山ダ1200 27R done (27s)
[202603] 阪神ダ1800 27R done (39s)
[202603] 中京ダ1800 12R done (54s)
[202603] 阪神ダ1400 15R done (68s)
[202603] 中京ダ1400 10R done (83s)
[202603] 中山芝1600 12R done (96s)
[202603] 小倉ダ1700 3R done (109s)
[202603] 中京芝2000 11R done (124s)
[202603] 小倉芝1200 3R done (139s)
[202603] 中京芝1600 10R done (153s)
[202603] 中山芝2000 9R done (167s)
[202603] 阪神ダ1200 14R done (180s)
[202603] 阪神芝1600 10R done (195s)
[202604] 中山ダ1800 20R done (207s)
[202604] 中山ダ1200 18R done (219s)
[202604] 京都ダ1800 6R done (233s)
[202604] 阪神ダ1800 19R done (247s)
[202604] 東京ダ1600 6R done (258s)
[202604] 東京ダ1400 5R done (271s)
[202604] 福島ダ1700 19R done (286s)
[202604] 京都ダ1400 2R done (302s)
[202604] 福島芝1200 18R done (320s)
[202604] 阪神ダ1400 12R done (336s)
[202604] 中山芝1600 9R done (354s)
[202604] 東京芝1600 2R done (372s)
[202604] 京都ダ1200 2R done (388s)
[202604] 京都芝1600 3R done (400s)
[202604] 東京芝1800 3R done (415s)
[202604] 福島ダ1150 11R done (430s)
[202604] 中山芝2000 9R done (444s)
