
=== g1 / GP / place ===
train_races       n       Δα       α専       α汎      SE    単ROI専    単ROI汎
30-100          146  -0.0097   0.0208   0.0305  0.1009     50.3     93.8
100-250         981  -0.0026   0.0350   0.0376  0.0364     72.1     84.4
250-500        1779   0.0104   0.0734   0.0630  0.0288     72.9     76.0
500-1000       2736   0.0077   0.0321   0.0244  0.0241     69.7     74.0
1000-2000      1225  -0.0040   0.0927   0.0967  0.0373     75.3     72.9

=== g1 / GP / win ===
train_races       n       Δα       α専       α汎      SE    単ROI専    単ROI汎
30-100          146  -0.0458  -0.3200  -0.2742  0.1751     77.1     66.5
100-250         981   0.0519  -0.0187  -0.0706  0.0573     88.2     88.8
250-500        1779  -0.0282  -0.1266  -0.0985  0.0439     74.0     76.4
500-1000       2736   0.0066  -0.0768  -0.0834  0.0373     77.2     80.7
1000-2000      1225   0.0689  -0.1922  -0.2611  0.0553     73.2     73.9

=== g1 / GH / place ===
train_races       n       Δα       α専       α汎      SE    単ROI専    単ROI汎
30-100          505   0.0136   0.0004  -0.0132  0.0477     85.0     90.7
100-250        1042  -0.0286   0.0340   0.0626  0.0369     83.0     77.0
250-500        1737   0.0048   0.0390   0.0341  0.0311     74.5     73.8
500-1000       2493   0.0006   0.0479   0.0473  0.0266     73.2     73.4
1000-2000       733   0.0028   0.1278   0.1250  0.0491     76.3     77.6

=== g1 / GH / win ===
train_races       n       Δα       α専       α汎      SE    単ROI専    単ROI汎
30-100          505   0.0358  -0.0851  -0.1209  0.0750     75.6     77.4
100-250        1042   0.0186  -0.1114  -0.1300  0.0539     82.8     82.8
250-500        1737  -0.0228  -0.1070  -0.0842  0.0458     69.3     75.3
500-1000       2493  -0.0089  -0.0999  -0.0910  0.0404     77.2     82.5
1000-2000       733   0.0346  -0.2455  -0.2802  0.0734     72.0     72.5

=== g2 / GP / place ===
train_races       n       Δα       α専       α汎      SE    単ROI専    単ROI汎
30-100         1064  -0.0526   0.0529   0.1054  0.0341     80.5     88.2
100-250        2333  -0.0063   0.0566   0.0629  0.0251     75.1     72.7
250-500        2386   0.0408   0.0531   0.0123  0.0258     77.9     74.4
500-1000        714  -0.0203   0.0804   0.1008  0.0489     85.6     74.2

=== g2 / GP / win ===
train_races       n       Δα       α専       α汎      SE    単ROI専    単ROI汎
30-100         1064  -0.0571  -0.0577  -0.0006  0.0581     79.5     94.8
100-250        2333   0.0739  -0.0592  -0.1332  0.0360     73.5     74.4
250-500        2386  -0.0005  -0.0949  -0.0944  0.0394     74.9     77.8
500-1000        714   0.0863  -0.1651  -0.2514  0.0782     81.9     76.7

=== g2 / GH / place ===
train_races       n       Δα       α専       α汎      SE    単ROI専    単ROI汎
30-100         1252  -0.0538   0.0198   0.0736  0.0336     83.6     79.7
100-250        2170  -0.0075   0.0643   0.0718  0.0273     73.1     72.3
250-500        2037   0.0187   0.0435   0.0248  0.0296     74.2     75.3
500-1000        475   0.0078   0.1037   0.0959  0.0618     85.1     73.7

=== g2 / GH / win ===
train_races       n       Δα       α専       α汎      SE    単ROI専    単ROI汎
30-100         1252   0.0316  -0.0522  -0.0838  0.0485     76.9     79.1
100-250        2170   0.0486  -0.0418  -0.0904  0.0394     75.0     78.7
250-500        2037  -0.0184  -0.1253  -0.1069  0.0444     75.0     78.8
500-1000        475  -0.0231  -0.3104  -0.2873  0.0996     77.5     73.6

=== g3 / GP / place ===
train_races       n       Δα       α専       α汎      SE    単ROI専    単ROI汎
30-100         1746  -0.0316  -0.0057   0.0259  0.0267     73.8     81.0
100-250        2461   0.0129   0.0397   0.0268  0.0249     75.8     73.9
250-500        1106   0.0171   0.0604   0.0433  0.0385     78.8     73.8
500-1000         21  (n<50 未推定)

=== g3 / GP / win ===
train_races       n       Δα       α専       α汎      SE    単ROI専    単ROI汎
30-100         1746   0.0007  -0.0736  -0.0743  0.0422     68.0     80.5
100-250        2461   0.0541  -0.0318  -0.0859  0.0366     80.4     79.3
250-500        1106   0.0389  -0.2140  -0.2530  0.0626     70.9     72.3
500-1000         21  (n<50 未推定)

=== g3 / GH / place ===
train_races       n       Δα       α専       α汎      SE    単ROI専    単ROI汎
30-100         1829  -0.0224   0.0049   0.0274  0.0282     72.9     75.4
100-250        2090  -0.0362   0.0006   0.0368  0.0280     78.3     75.1
250-500         841   0.0094   0.0622   0.0528  0.0470     69.1     74.2

=== g3 / GH / win ===
train_races       n       Δα       α専       α汎      SE    単ROI専    単ROI汎
30-100         1829   0.0083  -0.0831  -0.0914  0.0419     70.7     77.2
100-250        2090   0.0087  -0.0697  -0.0783  0.0420     81.1     81.6
250-500         841   0.0008  -0.3082  -0.3090  0.0719     72.9     71.5

saved course_group_datasize.json
