統制のみ: a1=0.8679(SE 0.0100) a2=-0.0124(SE 0.0047) LL/R=-6.0378
束+統制: a1=0.9055 a2=-0.0073
  MINE: ΔLL=+210.74 nats (+0.03266/R)
  VALIDATE: ΔLL=+8.77 nats (+0.01003/R)
  CONFIRM: ΔLL=+11.94 nats (+0.01767/R)
/home/user/-/keiba/discover_desc.py:103: RuntimeWarning: Mean of empty slice
  z=round(float(z[m].mean()), 3),
/usr/local/lib/python3.11/dist-packages/numpy/_core/_methods.py:142: RuntimeWarning: invalid value encountered in divide
  ret = ret.dtype.type(ret / rcount)
/home/user/-/keiba/discover_desc.py:104: RuntimeWarning: Mean of empty slice
  imp=round(100 * float(p[m].mean()), 2),
/usr/local/lib/python3.11/dist-packages/numpy/_core/_methods.py:142: RuntimeWarning: invalid value encountered in scalar divide
  ret = ret.dtype.type(ret / rcount)
/home/user/-/keiba/discover_desc.py:105: RuntimeWarning: Mean of empty slice
  act=round(100 * float(wf_[m].mean()), 2),
/home/user/-/keiba/discover_desc.py:106: RuntimeWarning: Mean of empty slice
  edge=round(100 * float(wf_[m].mean() - p[m].mean()), 2),
/home/user/-/keiba/discover_desc.py:107: RuntimeWarning: Mean of empty slice
  top3=round(100 * float(t3[m].mean()), 2)))

[win|mean3] 1着フラグ の直近3走の平均
   z5分位   n     平均z  市場implied勝率  実測勝率   差(pt)  実測3着内率
    1    17587   -0.82       5.20%       5.29%   +0.09     18.47%
    2    17632   -0.45       6.51%       6.58%   +0.07     20.79%
    3        0    +nan        nan%        nan%    +nan       nan%
    4    36241   +0.00       7.01%       7.01%   -0.01     21.04%
    5    17866   +1.24      10.34%      10.19%   -0.15     26.96%

[top3|rank_mean3] 3着内フラグ(mean3) のレース内順位パーセンタイル
   z5分位   n     平均z  市場implied勝率  実測勝率   差(pt)  実測3着内率
    1    17668   -1.38       4.32%       4.50%   +0.18     16.98%
    2    16959   -0.70       3.58%       3.74%   +0.16     14.08%
    3    18429   -0.03       4.66%       4.84%   +0.18     15.51%
    4    18083   +0.66       7.80%       8.06%   +0.27     23.60%
    5    18187   +1.37      15.46%      14.70%   -0.77     37.63%

[tier|rank_mean5] クラス(数字が小さいほど上級)(mean5) のレース内順位パーセンタイル
   z5分位   n     平均z  市場implied勝率  実測勝率   差(pt)  実測3着内率
    1    17668   -1.38      11.23%      11.08%   -0.15     31.45%
    2    16959   -0.70       7.14%       7.16%   +0.03     23.57%
    3    18429   -0.03       5.32%       5.48%   +0.17     17.58%
    4    18083   +0.66       5.95%       6.15%   +0.20     18.46%
    5    18187   +1.37       6.61%       6.36%   -0.25     17.73%

[margin|rank_mean3] 着差(秒・勝ち馬との差)(mean3) のレース内順位パーセンタイル
   z5分位   n     平均z  市場implied勝率  実測勝率   差(pt)  実測3着内率
    1    17665   -1.38      17.01%      16.43%   -0.58     40.83%
    2    16958   -0.70       8.97%       8.97%   -0.00     28.16%
    3    18439   -0.03       5.24%       5.48%   +0.24     18.95%
    4    18080   +0.66       3.30%       3.35%   +0.05     12.84%
    5    18184   +1.37       1.99%       2.27%   +0.28      8.53%

[top3|sameDistMean9] 3着内フラグ の直近9走平均（同じ距離帯(±200m)のみ）
   z5分位   n     平均z  市場implied勝率  実測勝率   差(pt)  実測3着内率
    1    17864   -1.13       2.52%       2.65%   +0.13     10.85%
    2    17832   -0.58       3.42%       3.63%   +0.21     13.45%
    3    11441   -0.25       5.19%       5.38%   +0.19     18.62%
    4    24323   +0.27       7.35%       7.46%   +0.11     22.90%
    5    17866   +1.51      16.85%      16.23%   -0.61     40.97%

[fin|min5] 着順 の直近5走の最小
   z5分位   n     平均z  市場implied勝率  実測勝率   差(pt)  実測3着内率
    1    17843   -0.98      13.58%      13.33%   -0.25     35.12%
    2    17885   -0.64       9.10%       9.05%   -0.05     25.99%
    3    16561   -0.30       7.21%       7.45%   +0.24     23.64%
    4    19170   +0.25       4.70%       4.71%   +0.01     16.46%
    5    17867   +1.62       1.72%       1.78%   +0.06      7.67%

[move_last|mean5] (3角−4角)÷頭数: 最後の角で上げた幅(正=上げた/負=外を回して下げた) の直近5走の平均
   z5分位   n     平均z  市場implied勝率  実測勝率   差(pt)  実測3着内率
    1    17860   -1.39       4.92%       5.28%   +0.36     16.33%
    2    17870   -0.45       7.08%       7.15%   +0.08     21.16%
    3    17865   -0.01       7.38%       7.37%   -0.01     21.76%
    4    17865   +0.45       8.19%       8.02%   -0.18     24.19%
    5    17866   +1.39       8.55%       8.30%   -0.25     24.91%

[spd|rank_mean9] 平均速度(距離÷走破タイム)(mean9) のレース内順位パーセンタイル
   z5分位   n     平均z  市場implied勝率  実測勝率   差(pt)  実測3着内率
    1    17668   -1.38       3.99%       3.88%   -0.12     13.66%
    2    16959   -0.70       6.32%       6.43%   +0.11     20.00%
    3    18429   -0.03       7.16%       7.16%   +0.00     21.99%
    4    18083   +0.66       8.74%       8.84%   +0.10     25.75%
    5    18187   +1.37       9.77%       9.67%   -0.09     26.63%
[OOS] win|mean3
   z5分位   n     平均z  市場implied勝率  実測勝率   差(pt)  実測3着内率
    1     4279   -0.81       5.54%       5.91%   +0.37     18.49%
    2     3129   -0.40       6.93%       7.03%   +0.10     21.73%
    3        0    +nan        nan%        nan%    +nan       nan%
    4        0    +nan        nan%        nan%    +nan       nan%
    5    14019   +0.33       7.82%       7.68%   -0.14     22.68%
[OOS] top3|rank_mean3
   z5分位   n     平均z  市場implied勝率  実測勝率   差(pt)  実測3着内率
    1     4166   -1.38       4.66%       4.99%   +0.34     18.67%
    2     4338   -0.67       3.45%       3.71%   +0.26     12.72%
    3     4292   -0.01       4.41%       4.75%   +0.34     14.86%
    4     4303   +0.65       7.94%       8.65%   +0.70     24.87%
    5     4328   +1.37      15.60%      13.98%   -1.62     37.25%
[OOS] tier|rank_mean5
   z5分位   n     平均z  市場implied勝率  実測勝率   差(pt)  実測3着内率
    1     4166   -1.38      11.71%      11.74%   +0.03     32.36%
    2     4338   -0.67       7.45%       7.63%   +0.18     24.27%
    3     4292   -0.01       5.30%       5.43%   +0.12     17.15%
    4     4303   +0.65       5.67%       5.44%   -0.23     18.20%
    5     4328   +1.37       6.19%       6.08%   -0.11     16.87%
[OOS] margin|rank_mean3
   z5分位   n     平均z  市場implied勝率  実測勝率   差(pt)  実測3着内率
    1     4165   -1.38      17.28%      16.64%   -0.64     42.30%
    2     4339   -0.67       8.71%       8.60%   -0.11     28.30%
    3     4292   -0.01       4.94%       4.99%   +0.05     17.50%
    4     4304   +0.65       3.47%       3.42%   -0.05     12.27%
    5     4327   +1.37       2.11%       2.84%   +0.73      8.81%
[OOS] top3|sameDistMean9
   z5分位   n     平均z  市場implied勝率  実測勝率   差(pt)  実測3着内率
    1     4276   -1.09       2.66%       2.76%   +0.10     10.59%
    2     4295   -0.59       3.51%       3.84%   +0.33     14.11%
    3     2690   -0.25       5.34%       5.46%   +0.12     19.93%
    4     5880   +0.23       6.98%       7.19%   +0.22     21.90%
    5     4286   +1.51      17.06%      16.26%   -0.80     41.23%
[OOS] fin|min5
   z5分位   n     平均z  市場implied勝率  実測勝率   差(pt)  実測3着内率
    1     4284   -1.00      14.09%      13.66%   -0.44     37.16%
    2     4278   -0.63       9.37%       9.23%   -0.13     27.51%
    3     3771   -0.28       6.95%       7.24%   +0.29     22.43%
    4     4806   +0.24       4.22%       4.52%   +0.30     15.25%
    5     4288   +1.60       1.88%       1.87%   -0.02      7.04%
[OOS] move_last|mean5
   z5分位   n     平均z  市場implied勝率  実測勝率   差(pt)  実測3着内率
    1     4286   -1.38       4.81%       5.23%   +0.42     16.10%
    2     4285   -0.44       7.12%       7.82%   +0.69     21.96%
    3     4285   -0.00       6.90%       6.70%   -0.21     20.21%
    4     4284   +0.45       8.66%       7.98%   -0.68     25.68%
    5     4287   +1.38       8.67%       8.44%   -0.23     24.56%
[OOS] spd|rank_mean9
   z5分位   n     平均z  市場implied勝率  実測勝率   差(pt)  実測3着内率
    1     4166   -1.38       3.89%       4.44%   +0.55     13.32%
    2     4338   -0.67       6.45%       6.22%   -0.23     21.23%
    3     4292   -0.01       7.28%       7.41%   +0.13     21.76%
    4     4303   +0.65       8.91%       8.76%   -0.15     25.66%
    5     4328   +1.37       9.53%       9.24%   -0.28     26.25%

→ discover_desc_result.json 保存
