未購入 1879/2200R を対象に採掘

== 芝短 (未購入166R) 合格1件 ==
   111.0% 単勝1位×o1 4-7倍×1位=2-3人気                    n= 42 hits  9 dev 117.6/conf 104.3 除外  98.0

== 芝中 (未購入340R) 合格0件 ==

== 芝長 (未購入325R) 合格6件 ==
   157.2% 馬連12×1位=1人気×10頭以下                        n= 50 hits 20 dev 136.1/conf 184.1 除外 138.4
   127.9% 馬連12×g12≥0.3×10頭以下                       n= 43 hits 13 dev 153.7/conf 107.5 除外 105.7
   118.4% 馬連12×非未勝利×10頭以下                          n= 86 hits 24 dev 122.3/conf 112.4 除外 107.1
   116.5% 単勝1位×1位=1人気×g12<0.15混戦                   n= 51 hits 23 dev 113.5/conf 127.3 除外 108.8
   111.9% 馬連12×10頭以下                               n= 93 hits 25 dev 115.6/conf 106.6 除外 101.4
   109.7% 馬連12×2日目+×10頭以下                          n= 80 hits 21 dev 113.1/conf 105.4 除外  97.5

== ダ短 (未購入272R) 合格2件 ==
   133.8% 単勝2位×1位=2-3人気×g12<0.15混戦                 n= 47 hits 14 dev 117.2/conf 188.2 除外 105.4
   126.5% 単勝2位×o1 4-7倍×良                           n= 43 hits  9 dev 129.0/conf 120.0 除外  95.2

== ダ中 (未購入702R) 合格7件 ==
   284.0% 馬連12×o1 4-7倍×1勝クラス                       n= 47 hits  5 dev 218.7/conf 410.6 除外 175.7
   174.6% 馬連12×1位=2-3人気×1勝クラス                      n= 72 hits  9 dev 165.4/conf 186.8 除外 102.8
   156.4% ワイド12×o1 4-7倍×1勝クラス                      n= 47 hits 12 dev 139.0/conf 190.0 除外 123.9
   143.8% 馬連12×1勝クラス×11頭+                          n=184 hits 28 dev 141.5/conf 147.1 除外 115.8
   138.9% 馬連12×1勝クラス×2日目+                          n=183 hits 27 dev 134.1/conf 145.7 除外 110.7
   127.2% 馬連12×1勝クラス                               n=212 hits 30 dev 126.2/conf 128.5 除外 102.8

== ダ長 (未購入74R) 合格0件 ==
