[20230101] 0レース
[20230107] 24レース
  202306010201 中山1R 16頭 OK (1件目)
  202306010202 中山2R 16頭 OK (2件目)
  202306010203 中山3R 16頭 OK (3件目)
  202306010204 中山4R 11頭 OK (4件目)
  202306010205 中山5R 16頭 OK (5件目)
  202306010206 中山6R 17頭 OK (6件目)
  202306010207 中山7R 16頭 OK (7件目)
  202306010208 中山8R 11頭 OK (8件目)
  202306010209 中山9R 16頭 OK (9件目)
  202306010210 中山10R 15頭 OK (10件目)
  202306010211 中山11R 13頭 OK (11件目)
  202306010212 中山12R 11頭 OK (12件目)
  202307010201 中京1R 15頭 OK (13件目)
  202307010202 中京2R 16頭 OK (14件目)
  202307010203 中京3R 13頭 OK (15件目)
  202307010204 中京4R 12頭 OK (16件目)
  202307010205 中京5R 15頭 OK (17件目)
  202307010206 中京6R 9頭 OK (18件目)
  202307010207 中京7R 12頭 OK (19件目)
  202307010208 中京8R 15頭 OK (20件目)
  202307010209 中京9R 14頭 OK (21件目)
  202307010210 中京10R 13頭 OK (22件目)
  202307010211 中京11R 14頭 OK (23件目)
  202307010212 中京12R 18頭 OK (24件目)
[20230108] 24レース
  202306010301 中山1R 16頭 OK (25件目)
  202306010302 中山2R 16頭 OK (26件目)
  202306010303 中山3R 16頭 OK (27件目)
  202306010304 中山4R 14頭 OK (28件目)
  202306010305 中山5R 17頭 OK (29件目)
  202306010306 中山6R 17頭 OK (30件目)
  202306010307 中山7R 16頭 OK (31件目)
  202306010308 中山8R 16頭 OK (32件目)
  202306010309 中山9R 12頭 OK (33件目)
  202306010310 中山10R 12頭 OK (34件目)
  202306010311 中山11R 14頭 OK (35件目)
  202306010312 中山12R 16頭 OK (36件目)
  202307010301 中京1R 15頭 OK (37件目)
  202307010302 中京2R 16頭 OK (38件目)
  202307010303 中京3R 11頭 OK (39件目)
  202307010304 中京4R 16頭 OK (40件目)
  202307010305 中京5R 18頭 OK (41件目)
  202307010306 中京6R 15頭 OK (42件目)
  202307010307 中京7R 16頭 OK (43件目)
  202307010308 中京8R 12頭 OK (44件目)
  202307010309 中京9R 16頭 OK (45件目)
  202307010310 中京10R 11頭 OK (46件目)
  202307010311 中京11R 7頭 OK (47件目)
  202307010312 中京12R 13頭 OK (48件目)
[20230114] 36レース
  202306010501 中山1R 16頭 OK (49件目)
  202306010502 中山2R 16頭 OK (50件目)
  202306010503 中山3R 16頭 OK (51件目)
  202306010504 中山4R 16頭 OK (52件目)
  202306010505 中山5R 16頭 OK (53件目)
  202306010506 中山6R 17頭 OK (54件目)
  202306010507 中山7R 16頭 OK (55件目)
  202306010508 中山8R 15頭 OK (56件目)
  202306010509 中山9R 13頭 OK (57件目)
  202306010510 中山10R 12頭 OK (58件目)
  202306010511 中山11R 16頭 OK (59件目)
  202306010512 中山12R 11頭 OK (60件目)
  202307010501 中京1R 16頭 OK (61件目)
  202307010502 中京2R 15頭 OK (62件目)
  202307010503 中京3R 13頭 OK (63件目)
  202307010504 中京4R 16頭 OK (64件目)
  202307010505 中京5R 18頭 OK (65件目)
  202307010506 中京6R 6頭 OK (66件目)
  202307010507 中京7R 9頭 OK (67件目)
  202307010508 中京8R 14頭 OK (68件目)
  202307010509 中京9R 8頭 OK (69件目)
  202307010510 中京10R 16頭 OK (70件目)
  202307010511 中京11R 15頭 OK (71件目)
  202307010512 中京12R 16頭 OK (72件目)
  202310010101 小倉1R 16頭 OK (73件目)
  202310010102 小倉2R 18頭 OK (74件目)
  202310010103 小倉3R 14頭 OK (75件目)
  202310010104 小倉4R 12頭 OK (76件目)
  202310010105 小倉5R 11頭 OK (77件目)
  202310010106 小倉6R 13頭 OK (78件目)
  202310010107 小倉7R 11頭 OK (79件目)
  202310010108 小倉8R 16頭 OK (80件目)
  202310010109 小倉9R 16頭 OK (81件目)
  202310010110 小倉10R 16頭 OK (82件目)
  202310010111 小倉11R 16頭 OK (83件目)
  202310010112 小倉12R 18頭 OK (84件目)
[20230115] 36レース
  202306010601 中山1R 16頭 OK (85件目)
  202306010602 中山2R 16頭 OK (86件目)
  202306010603 中山3R 16頭 OK (87件目)
  202306010604 中山4R 16頭 OK (88件目)
  202306010605 中山5R 16頭 OK (89件目)
  202306010606 中山6R 13頭 OK (90件目)
  202306010607 中山7R 16頭 OK (91件目)
  202306010608 中山8R 16頭 OK (92件目)
  202306010609 中山9R 11頭 OK (93件目)
  202306010610 中山10R 11頭 OK (94件目)
  202306010611 中山11R 9頭 OK (95件目)
  202306010612 中山12R 11頭 OK (96件目)
  202307010601 中京1R 11頭 OK (97件目)
  202307010602 中京2R 16頭 OK (98件目)
  202307010603 中京3R 14頭 OK (99件目)
  202307010604 中京4R 11頭 OK (100件目)
  202307010605 中京5R 12頭 OK (101件目)
  202307010606 中京6R 12頭 OK (102件目)
  202307010607 中京7R 14頭 OK (103件目)
  202307010608 中京8R 13頭 OK (104件目)
  202307010609 中京9R 14頭 OK (105件目)
  202307010610 中京10R 10頭 OK (106件目)
  202307010611 中京11R 14頭 OK (107件目)
  202307010612 中京12R 12頭 OK (108件目)
  202310010201 小倉1R 14頭 OK (109件目)
  202310010202 小倉2R 18頭 OK (110件目)
  202310010203 小倉3R 14頭 OK (111件目)
  202310010204 小倉4R 12頭 OK (112件目)
  202310010205 小倉5R 18頭 OK (113件目)
  202310010206 小倉6R 14頭 OK (114件目)
  202310010207 小倉7R 13頭 OK (115件目)
  202310010208 小倉8R 16頭 OK (116件目)
  202310010209 小倉9R 18頭 OK (117件目)
  202310010210 小倉10R 15頭 OK (118件目)
  202310010211 小倉11R 14頭 OK (119件目)
  202310010212 小倉12R 16頭 OK (120件目)
[20230121] 36レース
  202306010701 中山1R 16頭 OK (121件目)
  202306010702 中山2R 16頭 OK (122件目)
  202306010703 中山3R 16頭 OK (123件目)
  202306010704 中山4R 16頭 OK (124件目)
  202306010705 中山5R 13頭 OK (125件目)
  202306010706 中山6R 16頭 OK (126件目)
  202306010707 中山7R 13頭 OK (127件目)
  202306010708 中山8R 13頭 OK (128件目)
  202306010709 中山9R 16頭 OK (129件目)
  202306010710 中山10R 10頭 OK (130件目)
  202306010711 中山11R 14頭 OK (131件目)
  202306010712 中山12R 14頭 OK (132件目)
  202307010701 中京1R 13頭 OK (133件目)
  202307010702 中京2R 12頭 OK (134件目)
  202307010703 中京3R 16頭 OK (135件目)
  202307010704 中京4R 9頭 OK (136件目)
  202307010705 中京5R 11頭 OK (137件目)
  202307010706 中京6R 11頭 OK (138件目)
  202307010707 中京7R 16頭 OK (139件目)
  202307010708 中京8R 16頭 OK (140件目)
  202307010709 中京9R 16頭 OK (141件目)
  202307010710 中京10R 7頭 OK (142件目)
  202307010711 中京11R 9頭 OK (143件目)
  202307010712 中京12R 7頭 OK (144件目)
  202310010301 小倉1R 16頭 OK (145件目)
  202310010302 小倉2R 13頭 OK (146件目)
  202310010303 小倉3R 14頭 OK (147件目)
  202310010304 小倉4R 12頭 OK (148件目)
  202310010305 小倉5R 12頭 OK (149件目)
  202310010306 小倉6R 15頭 OK (150件目)
  202310010307 小倉7R 9頭 OK (151件目)
  202310010308 小倉8R 15頭 OK (152件目)
  202310010309 小倉9R 8頭 OK (153件目)
  202310010310 小倉10R 15頭 OK (154件目)
  202310010311 小倉11R 16頭 OK (155件目)
  202310010312 小倉12R 17頭 OK (156件目)
[20230122] 36レース
  202306010801 中山1R 16頭 OK (157件目)
  202306010802 中山2R 15頭 OK (158件目)
  202306010803 中山3R 16頭 OK (159件目)
  202306010804 中山4R 16頭 OK (160件目)
  202306010805 中山5R 15頭 OK (161件目)
  202306010806 中山6R 17頭 OK (162件目)
  202306010807 中山7R 13頭 OK (163件目)
  202306010808 中山8R 16頭 OK (164件目)
  202306010809 中山9R 10頭 OK (165件目)
  202306010810 中山10R 16頭 OK (166件目)
  202306010811 中山11R 14頭 OK (167件目)
  202306010812 中山12R 9頭 OK (168件目)
  202307010801 中京1R 15頭 OK (169件目)
  202307010802 中京2R 15頭 OK (170件目)
  202307010803 中京3R 16頭 OK (171件目)
  202307010804 中京4R 8頭 OK (172件目)
  202307010805 中京5R 11頭 OK (173件目)
  202307010806 中京6R 16頭 OK (174件目)
  202307010807 中京7R 12頭 OK (175件目)
  202307010808 中京8R 15頭 OK (176件目)
  202307010809 中京9R 8頭 OK (177件目)
  202307010810 中京10R 10頭 OK (178件目)
  202307010811 中京11R 15頭 OK (179件目)
  202307010812 中京12R 8頭 OK (180件目)
  202310010401 小倉1R 15頭 OK (181件目)
  202310010402 小倉2R 18頭 OK (182件目)
  202310010403 小倉3R 14頭 OK (183件目)
  202310010404 小倉4R 12頭 OK (184件目)
  202310010405 小倉5R 16頭 OK (185件目)
  202310010406 小倉6R 18頭 OK (186件目)
  202310010407 小倉7R 8頭 OK (187件目)
  202310010408 小倉8R 16頭 OK (188件目)
  202310010409 小倉9R 12頭 OK (189件目)
  202310010410 小倉10R 13頭 OK (190件目)
  202310010411 小倉11R 16頭 OK (191件目)
  202310010412 小倉12R 16頭 OK (192件目)
[20230128] 36レース
  202305010101 東京1R 16頭 OK (193件目)
  202305010102 東京2R 16頭 OK (194件目)
  202305010103 東京3R 16頭 OK (195件目)
  202305010104 東京4R 12頭 OK (196件目)
  202305010105 東京5R 16頭 OK (197件目)
  202305010106 東京6R 16頭 OK (198件目)
  202305010107 東京7R 16頭 OK (199件目)
  202305010108 東京8R 16頭 OK (200件目)
  202305010109 東京9R 15頭 OK (201件目)
  202305010110 東京10R 10頭 OK (202件目)
  202305010111 東京11R 10頭 OK (203件目)
  202305010112 東京12R 13頭 OK (204件目)
  202307010901 中京1R 11頭 OK (205件目)
  202307010902 中京2R 12頭 OK (206件目)
  202307010903 中京3R 15頭 OK (207件目)
  202307010904 中京4R 16頭 OK (208件目)
  202307010905 中京5R 8頭 OK (209件目)
  202307010906 中京6R 13頭 OK (210件目)
  202307010907 中京7R 8頭 OK (211件目)
  202307010908 中京8R 16頭 OK (212件目)
  202307010909 中京9R 7頭 OK (213件目)
  202307010910 中京10R 9頭 OK (214件目)
  202307010911 中京11R 16頭 OK (215件目)
  202307010912 中京12R 13頭 OK (216件目)
  202310010501 小倉1R 12頭 OK (217件目)
  202310010502 小倉2R 16頭 OK (218件目)
  202310010503 小倉3R 14頭 OK (219件目)
  202310010504 小倉4R 11頭 OK (220件目)
  202310010505 小倉5R 10頭 OK (221件目)
  202310010506 小倉6R 10頭 OK (222件目)
  202310010507 小倉7R 15頭 OK (223件目)
  202310010508 小倉8R 10頭 OK (224件目)
  202310010509 小倉9R 14頭 OK (225件目)
  202310010510 小倉10R 15頭 OK (226件目)
  202310010511 小倉11R 18頭 OK (227件目)
  202310010512 小倉12R 18頭 OK (228件目)
[20230129] 36レース
  202305010201 東京1R 16頭 OK (229件目)
  202305010202 東京2R 16頭 OK (230件目)
  202305010203 東京3R 16頭 OK (231件目)
  202305010204 東京4R 16頭 OK (232件目)
  202305010205 東京5R 16頭 OK (233件目)
  202305010206 東京6R 16頭 OK (234件目)
  202305010207 東京7R 11頭 OK (235件目)
  202305010208 東京8R 16頭 OK (236件目)
  202305010209 東京9R 8頭 OK (237件目)
  202305010210 東京10R 12頭 OK (238件目)
  202305010211 東京11R 16頭 OK (239件目)
  202305010212 東京12R 11頭 OK (240件目)
  202307011001 中京1R 13頭 OK (241件目)
  202307011002 中京2R 12頭 OK (242件目)
  202307011003 中京3R 15頭 OK (243件目)
  202307011004 中京4R 13頭 OK (244件目)
  202307011005 中京5R 16頭 OK (245件目)
  202307011006 中京6R 12頭 OK (246件目)
  202307011007 中京7R 8頭 OK (247件目)
  202307011008 中京8R 16頭 OK (248件目)
  202307011009 中京9R 7頭 OK (249件目)
  202307011010 中京10R 16頭 OK (250件目)
  202307011011 中京11R 15頭 OK (251件目)
  202307011012 中京12R 9頭 OK (252件目)
  202310010601 小倉1R 13頭 OK (253件目)
  202310010602 小倉2R 18頭 OK (254件目)
  202310010603 小倉3R 11頭 OK (255件目)
  202310010604 小倉4R 12頭 OK (256件目)
  202310010605 小倉5R 18頭 OK (257件目)
  202310010606 小倉6R 11頭 OK (258件目)
  202310010607 小倉7R 13頭 OK (259件目)
  202310010608 小倉8R 15頭 OK (260件目)
  202310010609 小倉9R 14頭 OK (261件目)
  202310010610 小倉10R 7頭 OK (262件目)
  202310010611 小倉11R 18頭 OK (263件目)
  202310010612 小倉12R 12頭 OK (264件目)
[20230204] 36レース
  202305010301 東京1R 16頭 OK (265件目)
  202305010302 東京2R 16頭 OK (266件目)
  202305010303 東京3R 16頭 OK (267件目)
  202305010304 東京4R 11頭 OK (268件目)
  202305010305 東京5R 18頭 OK (269件目)
  202305010306 東京6R 16頭 OK (270件目)
  202305010307 東京7R 15頭 OK (271件目)
  202305010308 東京8R 16頭 OK (272件目)
  202305010309 東京9R 11頭 OK (273件目)
  202305010310 東京10R 11頭 OK (274件目)
  202305010311 東京11R 12頭 OK (275件目)
  202305010312 東京12R 16頭 OK (276件目)
  202307011101 中京1R 15頭 OK (277件目)
  202307011102 中京2R 16頭 OK (278件目)
  202307011103 中京3R 16頭 OK (279件目)
  202307011104 中京4R 9頭 OK (280件目)
  202307011105 中京5R 13頭 OK (281件目)
  202307011106 中京6R 16頭 OK (282件目)
  202307011107 中京7R 11頭 OK (283件目)
  202307011108 中京8R 16頭 OK (284件目)
  202307011109 中京9R 9頭 OK (285件目)
  202307011110 中京10R 11頭 OK (286件目)
  202307011111 中京11R 16頭 OK (287件目)
  202307011112 中京12R 11頭 OK (288件目)
  202310010701 小倉1R 12頭 OK (289件目)
  202310010702 小倉2R 13頭 OK (290件目)
  202310010703 小倉3R 14頭 OK (291件目)
  202310010704 小倉4R 14頭 OK (292件目)
  202310010705 小倉5R 12頭 OK (293件目)
  202310010706 小倉6R 9頭 OK (294件目)
  202310010707 小倉7R 13頭 OK (295件目)
  202310010708 小倉8R 15頭 OK (296件目)
  202310010709 小倉9R 13頭 OK (297件目)
  202310010710 小倉10R 14頭 OK (298件目)
  202310010711 小倉11R 14頭 OK (299件目)
  202310010712 小倉12R 18頭 OK (300件目)
[20230205] 36レース
  202305010401 東京1R 16頭 OK (301件目)
  202305010402 東京2R 16頭 OK (302件目)
  202305010403 東京3R 16頭 OK (303件目)
  202305010404 東京4R 16頭 OK (304件目)
  202305010405 東京5R 16頭 OK (305件目)
  202305010406 東京6R 16頭 OK (306件目)
  202305010407 東京7R 16頭 OK (307件目)
  202305010408 東京8R 10頭 OK (308件目)
  202305010409 東京9R 10頭 OK (309件目)
  202305010410 東京10R 16頭 OK (310件目)
  202305010411 東京11R 16頭 OK (311件目)
  202305010412 東京12R 16頭 OK (312件目)
  202307011201 中京1R 11頭 OK (313件目)
  202307011202 中京2R 15頭 OK (314件目)
  202307011203 中京3R 16頭 OK (315件目)
  202307011204 中京4R 8頭 OK (316件目)
  202307011205 中京5R 15頭 OK (317件目)
  202307011206 中京6R 15頭 OK (318件目)
  202307011207 中京7R 9頭 OK (319件目)
  202307011208 中京8R 9頭 OK (320件目)
  202307011209 中京9R 14頭 OK (321件目)
  202307011210 中京10R 11頭 OK (322件目)
  202307011211 中京11R 8頭 OK (323件目)
  202307011212 中京12R 11頭 OK (324件目)
  202310010801 小倉1R 15頭 OK (325件目)
  202310010802 小倉2R 14頭 OK (326件目)
  202310010803 小倉3R 14頭 OK (327件目)
  202310010804 小倉4R 12頭 OK (328件目)
  202310010805 小倉5R 16頭 OK (329件目)
  202310010806 小倉6R 18頭 OK (330件目)
  202310010807 小倉7R 9頭 OK (331件目)
  202310010808 小倉8R 12頭 OK (332件目)
  202310010809 小倉9R 18頭 OK (333件目)
  202310010810 小倉10R 16頭 OK (334件目)
  202310010811 小倉11R 15頭 OK (335件目)
  202310010812 小倉12R 16頭 OK (336件目)
[20230211] 36レース
  202305010501 東京1R 16頭 OK (337件目)
  202305010502 東京2R 16頭 OK (338件目)
  202305010503 東京3R 16頭 OK (339件目)
  202305010504 東京4R 16頭 OK (340件目)
  202305010505 東京5R 16頭 OK (341件目)
  202305010506 東京6R 16頭 OK (342件目)
  202305010507 東京7R 14頭 OK (343件目)
  202305010508 東京8R 16頭 OK (344件目)
  202305010509 東京9R 13頭 OK (345件目)
  202305010510 東京10R 15頭 OK (346件目)
  202305010511 東京11R 16頭 OK (347件目)
  202305010512 東京12R 16頭 OK (348件目)
  202309010101 阪神1R 12頭 OK (349件目)
  202309010102 阪神2R 16頭 OK (350件目)
  202309010103 阪神3R 10頭 OK (351件目)
  202309010104 阪神4R 16頭 OK (352件目)
  202309010105 阪神5R 18頭 OK (353件目)
  202309010106 阪神6R 10頭 OK (354件目)
  202309010107 阪神7R 8頭 OK (355件目)
  202309010108 阪神8R 14頭 OK (356件目)
  202309010109 阪神9R 10頭 OK (357件目)
  202309010110 阪神10R 13頭 OK (358件目)
  202309010111 阪神11R 11頭 OK (359件目)
  202309010112 阪神12R 10頭 OK (360件目)
  202310020101 小倉1R 16頭 OK (361件目)
  202310020102 小倉2R 13頭 OK (362件目)
  202310020103 小倉3R 14頭 OK (363件目)
  202310020104 小倉4R 12頭 OK (364件目)
  202310020105 小倉5R 11頭 OK (365件目)
  202310020106 小倉6R 18頭 OK (366件目)
  202310020107 小倉7R 11頭 OK (367件目)
  202310020108 小倉8R 16頭 OK (368件目)
  202310020109 小倉9R 12頭 OK (369件目)
  202310020110 小倉10R 18頭 OK (370件目)
  202310020111 小倉11R 15頭 OK (371件目)
  202310020112 小倉12R 14頭 OK (372件目)
[20230212] 36レース
  202305010601 東京1R 16頭 OK (373件目)
  202305010602 東京2R 16頭 OK (374件目)
  202305010603 東京3R 16頭 OK (375件目)
  202305010604 東京4R 15頭 OK (376件目)
  202305010605 東京5R 16頭 OK (377件目)
  202305010606 東京6R 10頭 OK (378件目)
  202305010607 東京7R 15頭 OK (379件目)
  202305010608 東京8R 12頭 OK (380件目)
  202305010609 東京9R 16頭 OK (381件目)
  202305010610 東京10R 16頭 OK (382件目)
  202305010611 東京11R 12頭 OK (383件目)
  202305010612 東京12R 16頭 OK (384件目)
  202309010201 阪神1R 16頭 OK (385件目)
  202309010202 阪神2R 11頭 OK (386件目)
  202309010203 阪神3R 16頭 OK (387件目)
  202309010204 阪神4R 13頭 OK (388件目)
  202309010205 阪神5R 10頭 OK (389件目)
  202309010206 阪神6R 12頭 OK (390件目)
  202309010207 阪神7R 16頭 OK (391件目)
  202309010208 阪神8R 7頭 OK (392件目)
  202309010209 阪神9R 17頭 OK (393件目)
  202309010210 阪神10R 13頭 OK (394件目)
  202309010211 阪神11R 13頭 OK (395件目)
  202309010212 阪神12R 16頭 OK (396件目)
  202310020201 小倉1R 16頭 OK (397件目)
  202310020202 小倉2R 18頭 OK (398件目)
  202310020203 小倉3R 14頭 OK (399件目)
  202310020204 小倉4R 12頭 OK (400件目)
  202310020205 小倉5R 13頭 OK (401件目)
  202310020206 小倉6R 18頭 OK (402件目)
  202310020207 小倉7R 8頭 OK (403件目)
  202310020208 小倉8R 14頭 OK (404件目)
  202310020209 小倉9R 14頭 OK (405件目)
  202310020210 小倉10R 16頭 OK (406件目)
  202310020211 小倉11R 18頭 OK (407件目)
  202310020212 小倉12R 16頭 OK (408件目)
[20230218] 36レース
  202305010701 東京1R 16頭 OK (409件目)
  202305010702 東京2R 16頭 OK (410件目)
  202305010703 東京3R 16頭 OK (411件目)
  202305010704 東京4R 16頭 OK (412件目)
  202305010705 東京5R 18頭 OK (413件目)
  202305010706 東京6R 16頭 OK (414件目)
  202305010707 東京7R 16頭 OK (415件目)
  202305010708 東京8R 16頭 OK (416件目)
  202305010709 東京9R 10頭 OK (417件目)
  202305010710 東京10R 16頭 OK (418件目)
  202305010711 東京11R 16頭 OK (419件目)
  202305010712 東京12R 12頭 OK (420件目)
  202309010301 阪神1R 12頭 OK (421件目)
  202309010302 阪神2R 16頭 OK (422件目)
  202309010303 阪神3R 9頭 OK (423件目)
  202309010304 阪神4R 16頭 OK (424件目)
  202309010305 阪神5R 16頭 OK (425件目)
  202309010306 阪神6R 15頭 OK (426件目)
  202309010307 阪神7R 8頭 OK (427件目)
  202309010308 阪神8R 16頭 OK (428件目)
  202309010309 阪神9R 12頭 OK (429件目)
  202309010310 阪神10R 16頭 OK (430件目)
  202309010311 阪神11R 18頭 OK (431件目)
  202309010312 阪神12R 14頭 OK (432件目)
  202310020301 小倉1R 16頭 OK (433件目)
  202310020302 小倉2R 17頭 OK (434件目)
  202310020303 小倉3R 14頭 OK (435件目)
  202310020304 小倉4R 12頭 OK (436件目)
  202310020305 小倉5R 12頭 OK (437件目)
  202310020306 小倉6R 18頭 OK (438件目)
  202310020307 小倉7R 12頭 OK (439件目)
usage: harvest_year.py [-h] [--start START] [--end END]
                       [--commit-every COMMIT_EVERY] [--force] [--no-refit]
harvest_year.py: error: unrecognized arguments: 2023
[20230105] +24R (累計24R)
