[20260718] 36レース
  202603020701 福島1R 13頭 OK (1件目)
  202603020702 福島2R 9頭 OK (2件目)
  202603020703 福島3R 16頭 OK (3件目)
  202603020704 福島4R 16頭 OK (4件目)
  202603020705 福島5R 15頭 OK (5件目)
  202603020706 福島6R 15頭 OK (6件目)
  202603020707 福島7R 16頭 OK (7件目)
  202603020708 福島8R 16頭 OK (8件目)
  202603020709 福島9R 12頭 OK (9件目)
  202603020710 福島10R 15頭 OK (10件目)
  202603020711 福島11R 16頭 OK (11件目)
  202603020712 福島12R 16頭 OK (12件目)
  202610020701 小倉1R 12頭 OK (13件目)
  202610020702 小倉2R 11頭 OK (14件目)
  202610020703 小倉3R 14頭 OK (15件目)
  202610020704 小倉4R 8頭 OK (16件目)
  202610020705 小倉5R 7頭 OK (17件目)
  202610020706 小倉6R 13頭 OK (18件目)
  202610020707 小倉7R 14頭 OK (19件目)
  202610020708 小倉8R 10頭 OK (20件目)
  202610020709 小倉9R 18頭 OK (21件目)
  202610020710 小倉10R 12頭 OK (22件目)
  202610020711 小倉11R 12頭 OK (23件目)
  202610020712 小倉12R 14頭 OK (24件目)
  202602011101 函館1R 8頭 OK (25件目)
  202602011102 函館2R 12頭 OK (26件目)
  202602011103 函館3R 12頭 OK (27件目)
  202602011104 函館4R 16頭 OK (28件目)
  202602011105 函館5R 14頭 OK (29件目)
  202602011106 函館6R 12頭 OK (30件目)
  202602011107 函館7R 14頭 OK (31件目)
  202602011108 函館8R 12頭 OK (32件目)
  202602011109 函館9R 13頭 OK (33件目)
  202602011110 函館10R 10頭 OK (34件目)
  202602011111 函館11R 13頭 OK (35件目)
  202602011112 函館12R 12頭 OK (36件目)
[20260719] 36レース
  202603020801 福島1R 10頭 OK (37件目)
  202603020802 福島2R 16頭 OK (38件目)
  202603020803 福島3R 16頭 OK (39件目)
  202603020804 福島4R 15頭 OK (40件目)
  202603020805 福島5R 13頭 OK (41件目)
  202603020806 福島6R 16頭 OK (42件目)
  202603020807 福島7R 15頭 OK (43件目)
  202603020808 福島8R 16頭 OK (44件目)
  202603020809 福島9R 16頭 OK (45件目)
  202603020810 福島10R 12頭 OK (46件目)
  202603020811 福島11R 16頭 OK (47件目)
  202603020812 福島12R 15頭 OK (48件目)
  202610020801 小倉1R 11頭 OK (49件目)
  202610020802 小倉2R 18頭 OK (50件目)
  202610020803 小倉3R 16頭 OK (51件目)
  202610020804 小倉4R 14頭 OK (52件目)
  202610020805 小倉5R 8頭 OK (53件目)
  202610020806 小倉6R 14頭 OK (54件目)
  202610020807 小倉7R 17頭 OK (55件目)
  202610020808 小倉8R 14頭 OK (56件目)
  202610020809 小倉9R 8頭 OK (57件目)
  202610020810 小倉10R 16頭 OK (58件目)
  202610020811 小倉11R 18頭 OK (59件目)
  202610020812 小倉12R 9頭 OK (60件目)
  202602011201 函館1R 8頭 OK (61件目)
  202602011202 函館2R 10頭 OK (62件目)
  202602011203 函館3R 14頭 OK (63件目)
  202602011204 函館4R 13頭 OK (64件目)
  202602011205 函館5R 14頭 OK (65件目)
  202602011206 函館6R 16頭 OK (66件目)
  202602011207 函館7R 14頭 OK (67件目)
  202602011208 函館8R 10頭 OK (68件目)
  202602011209 函館9R 13頭 OK (69件目)
  202602011210 函館10R 14頭 OK (70件目)
  202602011211 函館11R 13頭 OK (71件目)
  202602011212 函館12R 14頭 OK (72件目)
[20260720] 0レース
[20260725] 36レース
  202604020101 新潟1R 10頭 OK (73件目)
  202604020102 新潟2R 14頭 OK (74件目)
  202604020103 新潟3R 8頭 OK (75件目)
  202604020104 新潟4R 15頭 OK (76件目)
  202604020105 新潟5R 11頭 OK (77件目)
  202604020106 新潟6R 15頭 OK (78件目)
  202604020107 新潟7R 18頭 OK (79件目)
  202604020108 新潟8R 13頭 OK (80件目)
  202604020109 新潟9R 10頭 OK (81件目)
  202604020110 新潟10R 15頭 OK (82件目)
  202604020111 新潟11R 18頭 OK (83件目)
  202604020112 新潟12R 17頭 OK (84件目)
  202607020101 中京1R 9頭 OK (85件目)
  202607020102 中京2R 13頭 OK (86件目)
  202607020103 中京3R 12頭 OK (87件目)
  202607020104 中京4R 16頭 OK (88件目)
  202607020105 中京5R 16頭 OK (89件目)
  202607020106 中京6R 16頭 OK (90件目)
  202607020107 中京7R 11頭 OK (91件目)
  202607020108 中京8R 8頭 OK (92件目)
  202607020109 中京9R 16頭 OK (93件目)
  202607020110 中京10R 13頭 OK (94件目)
  202607020111 中京11R 8頭 OK (95件目)
  202607020112 中京12R 16頭 OK (96件目)
  202601010101 札幌1R 8頭 OK (97件目)
  202601010102 札幌2R 8頭 OK (98件目)
  202601010103 札幌3R 10頭 OK (99件目)
  202601010104 札幌4R 14頭 OK (100件目)
  202601010105 札幌5R 6頭 OK (101件目)
  202601010106 札幌6R 14頭 OK (102件目)
  202601010107 札幌7R 15頭 OK (103件目)
  202601010108 札幌8R 12頭 OK (104件目)
  202601010109 札幌9R 10頭 OK (105件目)
  202601010110 札幌10R 11頭 OK (106件目)
  202601010111 札幌11R 12頭 OK (107件目)
  202601010112 札幌12R 11頭 OK (108件目)
[20260726] 36レース
  202604020201 新潟1R 11頭 OK (109件目)
  202604020202 新潟2R 9頭 OK (110件目)
  202604020203 新潟3R 15頭 OK (111件目)
  202604020204 新潟4R 18頭 OK (112件目)
  202604020205 新潟5R 15頭 OK (113件目)
  202604020206 新潟6R 11頭 OK (114件目)
  202604020207 新潟7R 14頭 OK (115件目)
  202604020208 新潟8R 15頭 OK (116件目)
  202604020209 新潟9R 14頭 OK (117件目)
  202604020210 新潟10R 14頭 OK (118件目)
  202604020211 新潟11R 15頭 OK (119件目)
  202604020212 新潟12R 15頭 OK (120件目)
  202607020201 中京1R 9頭 OK (121件目)
  202607020202 中京2R 6頭 OK (122件目)
  202607020203 中京3R 10頭 OK (123件目)
  202607020204 中京4R 15頭 OK (124件目)
  202607020205 中京5R 16頭 OK (125件目)
  202607020206 中京6R 10頭 OK (126件目)
  202607020207 中京7R 14頭 OK (127件目)
  202607020208 中京8R 12頭 OK (128件目)
  202607020209 中京9R 14頭 OK (129件目)
  202607020210 中京10R 16頭 OK (130件目)
  202607020211 中京11R 16頭 OK (131件目)
  202607020212 中京12R 15頭 OK (132件目)
  202601010201 札幌1R 12頭 OK (133件目)
  202601010202 札幌2R 10頭 OK (134件目)
  202601010203 札幌3R 16頭 OK (135件目)
  202601010204 札幌4R 11頭 OK (136件目)
  202601010205 札幌5R 10頭 OK (137件目)
  202601010206 札幌6R 12頭 OK (138件目)
  202601010207 札幌7R 7頭 OK (139件目)
  202601010208 札幌8R 12頭 OK (140件目)
  202601010209 札幌9R 8頭 OK (141件目)
  202601010210 札幌10R 10頭 OK (142件目)
  202601010211 札幌11R 13頭 OK (143件目)
  202601010212 札幌12R 9頭 OK (144件目)
[20260801] 36レース
  202604020301 新潟1R 11頭 OK (145件目)
  202604020302 新潟2R 8頭 OK (146件目)
  202604020303 新潟3R 18頭 OK (147件目)
  202604020304 新潟4R 15頭 OK (148件目)
  202604020305 新潟5R 15頭 OK (149件目)
  202604020306 新潟6R 12頭 OK (150件目)
  202604020307 新潟7R 15頭 OK (151件目)
  202604020308 新潟8R 13頭 OK (152件目)
  202604020309 新潟9R 15頭 OK (153件目)
  202604020310 新潟10R 15頭 OK (154件目)
  202604020311 新潟11R 18頭 OK (155件目)
  202604020312 新潟12R 17頭 OK (156件目)
  202607020301 中京1R 10頭 OK (157件目)
  202607020302 中京2R 13頭 OK (158件目)
  202607020303 中京3R 16頭 OK (159件目)
  202607020304 中京4R 16頭 OK (160件目)
  202607020305 中京5R 16頭 OK (161件目)
  202607020306 中京6R 16頭 OK (162件目)
  202607020307 中京7R 11頭 OK (163件目)
  202607020308 中京8R 13頭 OK (164件目)
  202607020309 中京9R 11頭 OK (165件目)
  202607020310 中京10R 16頭 OK (166件目)
  202607020311 中京11R 9頭 OK (167件目)
  202607020312 中京12R 11頭 OK (168件目)
  202601010301 札幌1R 12頭 OK (169件目)
  202601010302 札幌2R 9頭 OK (170件目)
  202601010303 札幌3R 11頭 OK (171件目)
  202601010304 札幌4R 11頭 OK (172件目)
  202601010305 札幌5R 13頭 OK (173件目)
  202601010306 札幌6R 9頭 OK (174件目)
  202601010307 札幌7R 12頭 OK (175件目)
  202601010308 札幌8R 11頭 OK (176件目)
  202601010309 札幌9R 7頭 OK (177件目)
  202601010310 札幌10R 14頭 OK (178件目)
  202601010311 札幌11R 16頭 OK (179件目)
  202601010312 札幌12R 8頭 OK (180件目)
[20260802] 36レース
  202604020401 新潟1R 12頭 OK (181件目)
  202604020402 新潟2R 12頭 OK (182件目)
  202604020403 新潟3R 13頭 OK (183件目)
  202604020404 新潟4R 15頭 OK (184件目)
  202604020405 新潟5R 18頭 OK (185件目)
  202604020406 新潟6R 15頭 OK (186件目)
  202604020407 新潟7R 17頭 OK (187件目)
  202604020408 新潟8R 14頭 OK (188件目)
  202604020409 新潟9R 15頭 OK (189件目)
  202604020410 新潟10R 14頭 OK (190件目)
  202604020411 新潟11R 14頭 OK (191件目)
  202604020412 新潟12R 18頭 OK (192件目)
  202607020401 中京1R 18頭 OK (193件目)
  202607020402 中京2R 8頭 OK (194件目)
  202607020403 中京3R 10頭 OK (195件目)
  202607020404 中京4R 16頭 OK (196件目)
  202607020405 中京5R 9頭 OK (197件目)
  202607020406 中京6R 9頭 OK (198件目)
  202607020407 中京7R 9頭 OK (199件目)
  202607020408 中京8R 11頭 OK (200件目)
  202607020409 中京9R 10頭 OK (201件目)
  202607020410 中京10R 14頭 OK (202件目)
  202607020411 中京11R 6頭 OK (203件目)
  202607020412 中京12R 18頭 OK (204件目)
  202601010401 札幌1R 14頭 OK (205件目)
  202601010402 札幌2R 14頭 OK (206件目)
  202601010403 札幌3R 11頭 OK (207件目)
  202601010404 札幌4R 13頭 OK (208件目)
  202601010405 札幌5R 10頭 OK (209件目)
  202601010406 札幌6R 11頭 OK (210件目)
  202601010407 札幌7R 12頭 OK (211件目)
  202601010408 札幌8R 14頭 OK (212件目)
  202601010409 札幌9R 12頭 OK (213件目)
  202601010410 札幌10R 10頭 OK (214件目)
  202601010411 札幌11R 14頭 OK (215件目)
  202601010412 札幌12R 14頭 OK (216件目)

収穫完了: 対象216 成功216 既存0 失敗0 → hist/
