[keep_alive:odds822] 08/21 23:35 起動 #1 (proxy=http://127.0.0.1:33231)
[20260822] 36レース / 予定684時点 (23:35) profile=full
[20260822] 36レース / 予定684時点 (23:45) profile=full
[keep_alive:odds822] 08/22 01:10 起動 #1 (proxy=http://127.0.0.1:40445)
[20260822] 一覧が空。45分後まで再試行する(経過0分)
[20260822] 36レース / 予定684時点 (01:11) profile=full
[keep_alive:odds822] 08/22 01:11 起動 #1 (proxy=http://127.0.0.1:40445)
既に watch が動いている(pid 4734)。二重収集を避けるため終了。強制するなら --force
[keep_alive:odds822] 08/22 01:11 終了 rc=2
[keep_alive:odds822] 08/22 01:12 起動 #2 (proxy=http://127.0.0.1:40445)
[20260822] 36レース / 予定684時点 (01:12) profile=full
[20260822] 36レース / 予定684時点 (01:22) profile=full
[20260822] 36レース / 予定684時点 (01:32) profile=full
[20260822] 36レース / 予定684時点 (01:42) profile=full
[20260822] 36レース / 予定684時点 (01:52) profile=full
[20260822] 36レース / 予定684時点 (02:02) profile=full
[20260822] 36レース / 予定684時点 (02:12) profile=full
[20260822] 36レース / 予定684時点 (02:23) profile=full
[20260822] 36レース / 予定684時点 (02:33) profile=full
[20260822] 36レース / 予定684時点 (02:43) profile=full
[20260822] 36レース / 予定684時点 (02:53) profile=full
[20260822] 36レース / 予定684時点 (03:03) profile=full
[20260822] 36レース / 予定684時点 (03:13) profile=full
[20260822] 36レース / 予定684時点 (03:23) profile=full
[20260822] 36レース / 予定684時点 (03:33) profile=full
[20260822] 36レース / 予定684時点 (03:43) profile=full
[20260822] 36レース / 予定684時点 (03:53) profile=full
[20260822] 36レース / 予定684時点 (04:03) profile=full
[20260822] 36レース / 予定684時点 (04:13) profile=full
[20260822] 36レース / 予定684時点 (04:23) profile=full
[20260822] 36レース / 予定684時点 (04:33) profile=full
[20260822] 36レース / 予定684時点 (04:43) profile=full
[20260822] 36レース / 予定684時点 (04:53) profile=full
[20260822] 36レース / 予定684時点 (05:03) profile=full
[20260822] 36レース / 予定684時点 (05:13) profile=full
[20260822] 36レース / 予定684時点 (05:23) profile=full
[20260822] 36レース / 予定684時点 (05:33) profile=full
[20260822] 36レース / 予定684時点 (05:43) profile=full
[20260822] 36レース / 予定684時点 (05:53) profile=full
[20260822] 36レース / 予定684時点 (06:03) profile=full
[20260822] 36レース / 予定684時点 (06:13) profile=full
[20260822] 36レース / 予定684時点 (06:23) profile=full
[20260822] 36レース / 予定684時点 (06:33) profile=full
  ✓ 06:40:00 202604030101 T-180 light   7.2s   1.4KB 6:39現在
[20260822] 36レース / 予定684時点 (06:43) profile=full
  ✓ 06:50:00 202607030101 T-180 light  22.4s   1.9KB 6:49現在
[20260822] 36レース / 予定684時点 (06:54) profile=full
  ✓ 07:00:00 202601020101 T-180 light  20.3s   1.3KB 6:59現在
[20260822] 36レース / 予定684時点 (07:04) profile=full
  ✓ 07:10:00 202604030102 T-180 light  12.1s   2.9KB 7:09現在
[20260822] 36レース / 予定684時点 (07:14) profile=full
  ✓ 07:20:00 202607030102 T-180 light  14.1s   2.2KB 7:14現在
[20260822] 36レース / 予定684時点 (07:24) profile=full
  ✓ 07:30:00 202601020102 T-180 light   6.8s   1.2KB 7:24現在
[20260822] 36レース / 予定684時点 (07:34) profile=full
  ✓ 07:40:00 202604030103 T-180 light   9.3s   3.4KB 7:39現在
[20260822] 36レース / 予定684時点 (07:44) profile=full
  ✓ 07:50:00 202607030103 T-180 light  16.6s   1.6KB 7:50現在
[20260822] 36レース / 予定684時点 (07:54) profile=full
  ✓ 08:00:00 202601020103 T-180 light  28.1s   3.8KB 7:55現在
[20260822] 36レース / 予定684時点 (08:05) profile=full
  ✗ 08:10:00 202604030101 T-90  light  1R の単複オッズリンクが開催ページに無い(発売前/取止め?)
  ✗ 08:10:18 202604030104 T-180 light  4R の単複オッズリンクが開催ページに無い(発売前/取止め?)
[20260822] 36レース / 予定684時点 (08:15) profile=full
  ✗ 08:20:00 202607030101 T-90  light  1R の単複オッズリンクが開催ページに無い(発売前/取止め?)
  ✓ 08:20:22 202607030104 T-180 light   9.1s   5.9KB 8:15現在
