[keep_alive:odds823] 08/23 12:50 起動 #1 (proxy=http://127.0.0.1:33009)
[20260823] 36レース / 予定684時点 (12:50) profile=full
[keep_alive:odds823] 08/23 12:54 起動 #1 (proxy=http://127.0.0.1:33009)
[20260823] 36レース / 予定684時点 (12:54) profile=full
  ✓ 12:55:00 202601020207 T-30  light   8.3s   2.6KB 12:54現在
  ✓ 12:55:09 202601020207 T-30  heavy  21.1s   3.1KB 12:54現在
  ✓ 13:00:00 202601020207 T-25  nk     10.3s   5.8KB 2026-08-23 12:21:58
  ✓ 13:01:00 202601020208 T-60  light   3.8s   2.6KB 12:58現在
  ✓ 13:01:03 202601020208 T-60  heavy  20.9s   3.1KB 13:00現在
  ✓ 13:01:24 202604030208 T-180 light   9.3s   2.9KB 12:59現在
[20260823] 36レース / 予定684時点 (13:04) profile=full
  ✓ 13:05:00 202601020207 T-20  light   4.4s   2.6KB 13:04現在
  ✓ 13:05:04 202601020209 T-90  light   4.2s   3.3KB 13:03現在
  ✓ 13:10:00 202601020207 T-15  light   4.5s   2.6KB 13:09現在
  ✓ 13:10:04 202601020207 T-15  heavy  18.9s   3.1KB 13:09現在
  ✓ 13:10:23 202607030208 T-180 light   7.4s   4.8KB 13:08現在
[20260823] 36レース / 予定684時点 (13:14) profile=full
  ✓ 13:15:00 202601020207 T-10  light   4.2s   2.6KB 13:14現在
  ✓ 13:16:00 202601020208 T-45  light  11.4s   2.6KB 13:13現在
  ✓ 13:18:00 202601020207 T-7   light   4.1s   2.6KB 13:17現在
  ✓ 13:18:04 202601020207 T-7   heavy  20.9s   3.1KB 13:17現在
  ✓ 13:19:00 202601020207 T-6   nk      9.7s   5.8KB 2026-08-23 12:21:58
  ✓ 13:20:00 202601020207 T-5   light   6.2s   2.6KB 13:18現在
  ✓ 13:20:06 202604030206 T-90  light   7.1s   4.2KB 13:19現在
  ✓ 13:20:13 202601020212 T-180 light   5.3s   3.7KB 13:19現在
  ✓ 13:22:00 202601020207 T-3   light   6.0s   2.6KB 13:21現在
  ✓ 13:22:05 202601020207 T-3   heavy  19.2s   3.1KB 13:21現在
  ✓ 13:23:00 202601020207 T-2   light   6.3s   2.6KB 13:22現在
[20260823] 36レース / 予定684時点 (13:25) profile=full
  ✓ 13:31:00 202601020208 T-30  light   6.4s   2.6KB 13:30現在
  ✓ 13:31:06 202601020208 T-30  heavy  21.8s   3.1KB 13:30現在
  ✓ 13:31:28 202607030206 T-90  light   7.6s   3.8KB 13:30現在
  ✓ 13:35:00 202601020209 T-60  light   4.0s   3.3KB 13:34現在
  ✓ 13:35:04 202601020209 T-60  heavy  26.4s   5.2KB 13:34現在
[20260823] 36レース / 予定684時点 (13:35) profile=full
  ✓ 13:35:30 202604030209 T-180 light   6.4s   4.3KB 13:33現在
  ✓ 13:36:00 202601020208 T-25  nk      8.0s   5.9KB 2026-08-23 12:55:03
  ✓ 13:40:00 202601020210 T-90  light   7.8s   3.8KB 13:39現在
  ✓ 13:41:00 202601020208 T-20  light   4.1s   2.6KB 13:40現在
  ✓ 13:45:00 202607030209 T-180 light   8.9s   1.6KB 13:42現在
[20260823] 36レース / 予定684時点 (13:45) profile=full
  ✓ 13:46:01 202601020208 T-15  light   4.1s   2.6KB 13:45現在
  ✓ 13:46:05 202601020208 T-15  heavy  27.0s   3.1KB 13:45現在
