FOUND 202104010809 20210502 4歳以上1勝クラス｜2021年5 field=15
FOUND 202104020110 20210508 はやぶさ賞｜2021年5月8日 field=16
FOUND 202104020210 20210509 邁進特別｜2021年5月9日 field=15
FOUND 202104020306 20210515 3歳未勝利｜2021年5月15日 field=16
FOUND 202104020409 20210516 4歳以上1勝クラス｜2021年5 field=16
FOUND 202104020508 20210522 4歳以上1勝クラス｜2021年5 field=16
FOUND 202104020611 20210523 韋駄天ステークス｜2021年5月 field=16
FOUND 202104030112 20210724 3歳以上1勝クラス｜2021年7 field=18
FOUND 202104030211 20210725 アイビスサマーD｜2021年7月 field=17
FOUND 202104030402 20210801 2歳未勝利｜2021年8月1日 field=18
FOUND 202104030609 20210808 驀進特別｜2021年8月8日 field=18
FOUND 202104040111 20210814 稲妻ステークス｜2021年8月1 field=16
FOUND 202104040204 20210815 3歳未勝利｜2021年8月15日 field=18
FOUND 202104040409 20210822 閃光特別｜2021年8月22日 field=18
FOUND 202104040603 20210829 2歳未勝利｜2021年8月29日 field=18
FOUND 202104040812 20210905 雷光特別｜2021年9月5日 field=17
FOUND 202204010112 20220507 4歳以上1勝クラス｜2022年5 field=16
FOUND 202204010210 20220508 駿風ステークス｜2022年5月8 field=16
FOUND 202204010311 20220514 邁進特別｜2022年5月14日 field=16
FOUND 202204010409 20220515 はやぶさ賞｜2022年5月15日 field=16
FOUND 202204010506 20220521 3歳未勝利｜2022年5月21日 field=16
FOUND 202204010611 20220522 韋駄天ステークス｜2022年5月 field=16
FOUND 202204020112 20220730 3歳以上1勝クラス｜2022年7 field=18
FOUND 202204020211 20220731 アイビスサマーD｜2022年7月 field=18
FOUND 202204020409 20220807 驀進特別｜2022年8月7日 field=18
FOUND 202204030111 20220813 稲妻ステークス｜2022年8月1 field=18
FOUND 202204030207 20220814 3歳未勝利｜2022年8月14日 field=18
FOUND 202204030409 20220821 閃光特別｜2022年8月21日 field=18
FOUND 202204030603 20220828 2歳未勝利｜2022年8月28日 field=18
FOUND 202204030812 20220904 雷光特別｜2022年9月4日 field=18
FOUND 202204040111 20221015 飛翼特別｜2022年10月15日 field=18
FOUND 202204040207 20221016 3歳以上1勝クラス｜2022年1 field=18
FOUND 202204040305 20221022 2歳未勝利｜2022年10月22 field=18
FOUND 202204040412 20221023 3歳以上1勝クラス｜2022年1 field=15
FOUND 202204040507 20221029 3歳以上1勝クラス｜2022年1 field=18
FOUND 202204040611 20221030 ルミエールオータムD｜2022年 field=18
FOUND 202304010106 20230429 3歳未勝利｜2023年4月29日 field=16
FOUND 202304010210 20230430 邁進特別｜2023年4月30日 field=16
FOUND 202304010312 20230506 4歳以上1勝クラス｜2023年5 field=16
FOUND 202304010410 20230507 駿風ステークス｜2023年5月7 field=16
FOUND 202304010509 20230513 はやぶさ賞｜2023年5月13日 field=16
FOUND 202304010607 20230514 3歳未勝利｜2023年5月14日 field=16
FOUND 202304010709 20230520 飛竜特別｜2023年5月20日 field=16
FOUND 202304010811 20230521 韋駄天ステークス｜2023年5月 field=16
FOUND 202304020112 20230729 3歳以上1勝クラス｜2023年7 field=18
FOUND 202304020211 20230730 アイビスサマーD｜2023年7月 field=18
FOUND 202304020410 20230806 驀進特別｜2023年8月6日 field=17
FOUND 202304030111 20230812 稲妻ステークス｜2023年8月1 field=16
FOUND 202304030207 20230813 3歳未勝利｜2023年8月13日 field=18
FOUND 202304030409 20230820 閃光特別｜2023年8月20日 field=18
FOUND 202304030603 20230827 2歳未勝利｜2023年8月27日 field=12
FOUND 202304030812 20230903 雷光特別｜2023年9月3日 field=17
FOUND 202304040111 20231014 飛翼特別｜2023年10月14日 field=18
FOUND 202304040207 20231015 3歳以上1勝クラス｜2023年1 field=18
FOUND 202304040305 20231021 2歳未勝利｜2023年10月21 field=18
FOUND 202304040412 20231022 3歳以上1勝クラス｜2023年1 field=18
FOUND 202304040507 20231028 3歳以上1勝クラス｜2023年1 field=18
FOUND 202304040611 20231029 ルミエールオータムD｜2023年 field=18
FOUND 202404010106 20240427 3歳未勝利｜2024年4月27日 field=16
FOUND 202404010210 20240428 邁進特別｜2024年4月28日 field=16
FOUND 202404010312 20240504 4歳以上1勝クラス｜2024年5 field=16
FOUND 202404010410 20240505 駿風ステークス｜2024年5月5 field=16
FOUND 202404010509 20240511 はやぶさ賞｜2024年5月11日 field=12
FOUND 202404010607 20240512 3歳未勝利｜2024年5月12日 field=16
FOUND 202404010709 20240518 飛竜特別｜2024年5月18日 field=16
FOUND 202404010811 20240519 韋駄天ステークス｜2024年5月 field=16
FOUND 202404020111 20240727 3歳以上1勝クラス｜2024年7 field=18
FOUND 202404020207 20240728 アイビスサマーD｜2024年7月 field=18
FOUND 202404020406 20240804 驀進特別｜2024年8月4日 field=18
FOUND 202404030107 20240810 3歳未勝利｜2024年8月10日 field=18
FOUND 202404030210 20240811 稲妻ステークス｜2024年8月1 field=17
FOUND 202404030409 20240818 閃光特別｜2024年8月18日 field=18
FOUND 202404030603 20240825 2歳未勝利｜2024年8月25日 field=11
FOUND 202404030812 20240901 雷光特別｜2024年9月1日 field=17
FOUND 202404040112 20241005 3歳以上1勝クラス｜2024年1 field=18
FOUND 202404040206 20241006 2歳未勝利｜2024年10月6日 field=12
FOUND 202404040311 20241012 飛翼特別｜2024年10月12日 field=18
FOUND 202404040409 20241014 稲光特別｜2024年10月14日 field=17
FOUND 202404040505 20241019 2歳未勝利｜2024年10月19 field=14
FOUND 202404040608 20241020 3歳以上1勝クラス｜2024年1 field=18
FOUND 202404040712 20241026 3歳以上1勝クラス｜2024年1 field=12
FOUND 202404040811 20241027 ルミエールオータムD｜2024年 field=17
FOUND 202504010112 20250503 4歳以上1勝クラス｜2025年5 field=16
FOUND 202504010210 20250504 邁進特別｜2025年5月4日 field=16
FOUND 202504010311 20250510 駿風ステークス｜2025年5月1 field=16
FOUND 202504010406 20250511 3歳未勝利｜2025年5月11日 field=16
FOUND 202504010506 20250517 3歳未勝利｜2025年5月17日 field=16
FOUND 202504010609 20250518 飛竜特別｜2025年5月18日 field=16
FOUND 202504010709 20250524 はやぶさ賞｜2025年5月24日 field=15
FOUND 202504010811 20250525 韋駄天ステークス｜2025年5月 field=16
FOUND 202504020108 20250726 閃光特別｜2025年7月26日 field=14
FOUND 202504020211 20250727 3歳未勝利｜2025年7月27日 field=16
FOUND 202504020303 20250802 2歳未勝利｜2025年8月2日 field=12
FOUND 202504020407 20250803 アイビスサマーD｜2025年8月 field=18
FOUND 202504020511 20250809 3歳未勝利｜2025年8月9日 field=18
FOUND 202504020608 20250810 驀進特別｜2025年8月10日 field=18
FOUND 202504020711 20250816 3歳以上1勝クラス｜2025年8 field=18
FOUND 202504020806 20250817 稲妻ステークス｜2025年8月1 field=11
FOUND 202504030207 20250824 3歳以上1勝クラス｜2025年8 field=18
FOUND 202504030412 20250831 雷光特別｜2025年8月31日 field=12
FOUND 202504040112 20251018 3歳以上1勝クラス｜2025年1 field=18
FOUND 202504040210 20251019 飛翼特別｜2025年10月19日 field=18
FOUND 202504040309 20251025 稲光特別｜2025年10月25日 field=18
FOUND 202504040411 20251026 ルミエールオータムD｜2025年 field=17
DONE scanned=1644 found=104
