
======================================================================
NAR: ベット行 36122 件（人気1〜6のみ）

[NAR 単勝] 検定セル 378 個 / ROI>100%のセル 13 個 | nullシャッフル期待 14.57個 (95%上限 24個)
    門別/人気6/稍                         n=   277 ROI  164.4%
    川崎/人気6/良                         n=   207 ROI  132.2%
    浦和/人気4/良                         n=   215 ROI  125.0%
    門別/人気6/10-12頭                    n=   404 ROI  122.3%
    川崎/人気6/マ                         n=   271 ROI  114.4%
    浦和/人気4                           n=   335 ROI  110.8%
    浦和/人気4/ダ                         n=   335 ROI  110.8%
    川崎/人気6/10-12頭                    n=   213 ROI  109.2%
    園田/人気6/稍                         n=   244 ROI  106.1%
    人気6/10-12頭/中長                    n=   280 ROI  101.7%
    最良セル: 門別/人気6/稍 n=277 ROI 164.4%

[NAR 複勝] 検定セル 378 個 / ROI>100%のセル 0 個 | nullシャッフル期待 0.09個 (95%上限 1個)
    （該当なし）
    最良セル: 大井/人気1/15頭+ n=216 ROI 95.8%

======================================================================
JRA: ベット行 48321 件（人気1〜6のみ）

[JRA 単勝] 検定セル 192 個 / ROI>100%のセル 1 個 | nullシャッフル期待 2.92個 (95%上限 6個)
    人気6/13-14頭/短                     n=   231 ROI  135.0%
    最良セル: 人気6/13-14頭/短 n=231 ROI 135.0%

[JRA 複勝] 検定セル 192 個 / ROI>100%のセル 0 個 | nullシャッフル期待 0.28個 (95%上限 1個)
    （該当なし）
    最良セル: 人気2/~9頭/マ n=187 ROI 99.9%
