データ4604R folds=['202511', '202512', '202601', '202602', '202603', '202604', '202605', '202606', '202607']
[202511] 済
[202512] 済
[202601] 済
[202602] 済
[202603] 済
[202604] 済
[202605] 済
[202606] 済
[202607] 済

==== パターン別ウォークフォワードROI(未来を知らない状態・100円/点) ====
  単勝1位[4人気以下]                  ROI  100.8%  投  25500 戻  25700 (255R)
  乖離単勝(1位が4人気以下)               ROI  100.8%  投  25500 戻  25700 (255R)
  馬連1-2位[2-3人気]                ROI   89.9%  投  74000 戻  66550 (740R)
  複勝1位[4人気以下]                  ROI   88.3%  投  25500 戻  22520 (255R)
  乖離複勝(1位が4人気以下)               ROI   88.3%  投  25500 戻  22520 (255R)
  ワイド1-2位[4人気以下]               ROI   85.7%  投  25500 戻  21860 (255R)
  複勝1位[1人気]                    ROI   85.4%  投 120500 戻 102850 (1205R)
  ワイド1-2位[2-3人気]               ROI   79.6%  投  74000 戻  58920 (740R)
  三連複軸1位ながし2-5位[小頭数]           ROI   79.3%  投 336600 戻 266760 (561R)
  複勝1位[2-3人気]                  ROI   77.5%  投  74000 戻  57330 (740R)
  ワイド1-2位[1人気]                 ROI   77.3%  投 120500 戻  93140 (1205R)
  馬連1-2位[4人気以下]                ROI   76.5%  投  25500 戻  19510 (255R)
  単勝1位[2-3人気]                  ROI   76.0%  投  74000 戻  56220 (740R)
  ワイドBOX上位3[小頭数]               ROI   74.8%  投 168300 戻 125810 (561R)
  馬連1-2位[1人気]                  ROI   74.6%  投 120500 戻  89940 (1205R)
  ワイドBOX上位3[多頭数]               ROI   74.1%  投 491700 戻 364530 (1639R)
  三連複軸1位ながし2-5位[多頭数]           ROI   74.1%  投 983400 戻 728720 (1639R)
  単勝1位[1人気]                    ROI   71.7%  投 120500 戻  86370 (1205R)
  三連複BOX上位5[小頭数]               ROI   70.2%  投 561000 戻 393970 (561R)
  三連複BOX上位4[小頭数]               ROI   69.8%  投 224400 戻 156620 (561R)
  三連複BOX上位4[多頭数]               ROI   69.3%  投 655600 戻 454450 (1639R)
  三連複BOX上位5[多頭数]               ROI   65.6%  投1639000 戻1074610 (1639R)
→ pattern_stats.json
