対象: 1勝クラス×メイン4場×良×2日目+  246R  (wf_preds_v4bin2s.jsonl)

── A. 同じ246レースで買い方だけ変えた対照実験（三連複1点） ──
  モデル1-2-3位      ROI  164.8%  的中 18/246 ( 7.3%)  平均配当   2252円
  市場1-2-3番人気     ROI   66.4%  的中 25/246 (10.2%)  平均配当    654円
  ランダム3頭         ROI   42.6%  的中  3/246 ( 1.2%)  平均配当   3497円
  → モデルだけが100%を超えるなら、レース種別の性質ではなくモデルの実力。

── B. ブートストラップ(10000回・レース単位で復元抽出) ──
  ROI点推定 164.8%  95%区間 [69.5%, 291.2%]
  ROI<100%(負け)になる割合 12.1%
  ※三連複は配当の裾が重く区間は必ず広い。下限が100%を割るなら断定はできない。

── C. 多重検定: モデルの並びをレース内シャッフルした偽データ ──
  偽データ200回の同条件ROI: 中央値14.9% / 95パーセンタイル144.5%
  実測164.8%以上が偶然出た割合 = 4.5%  → 有意(この条件を固定した場合)
  ※ただし条件自体を2,780セルから選んでいるので、条件選択込みの検定はDに示す。

── D. 条件選択込みの多重検定（20回・全セル採掘をやり直す） ──
  偽世界 1: 合格 52件 / 最高ROI  924.5%
  偽世界 2: 合格  7件 / 最高ROI  169.1%
  偽世界 3: 合格  9件 / 最高ROI  236.2%
  偽世界 4: 合格 47件 / 最高ROI  388.4%
  偽世界 5: 合格  0件 / 最高ROI    0.0%
  偽世界 6: 合格  5件 / 最高ROI  166.7%
  偽世界 7: 合格 12件 / 最高ROI  412.6%
  偽世界 8: 合格 20件 / 最高ROI  297.9%
  偽世界 9: 合格 21件 / 最高ROI  395.7%
  偽世界10: 合格 12件 / 最高ROI  358.4%
  偽世界11: 合格 17件 / 最高ROI  298.7%
  偽世界12: 合格  3件 / 最高ROI  163.5%
  偽世界13: 合格  8件 / 最高ROI  226.1%
  偽世界14: 合格  3件 / 最高ROI  205.6%
  偽世界15: 合格  0件 / 最高ROI    0.0%
  偽世界16: 合格  8件 / 最高ROI  389.7%
  偽世界17: 合格  1件 / 最高ROI  220.0%
  偽世界18: 合格  4件 / 最高ROI  178.8%
  偽世界19: 合格  0件 / 最高ROI    0.0%
  偽世界20: 合格 67件 / 最高ROI  388.1%

  偽世界の合格数: 平均14.8件 中央値8件 最大67件
  偽世界の最高ROI: 中央値236.2% 最大924.5%
  実測: 合格14件 / 最高ROI 209.9%（本命ルールは164.8%）
  → 実測の合格数と最高ROIが偽世界の分布を明確に超えていれば、採掘手続きの偽陽性では説明できない。
