データ 6092R / fold ['202511', '202512', '202601', '202602', '202603', '202604', '202605', '202606', '202607'] / variants ['v4bin2s', 'v4bin3', 'v4bin2s_ens']
[202511] 255R | v4bin2s: 1位勝率27.5%(累計) | v4bin3: 1位勝率28.6%(累計) | v4bin2s_ens: 1位勝率28.2%(累計)
[202512] 220R | v4bin2s: 1位勝率26.1%(累計) | v4bin3: 1位勝率26.3%(累計) | v4bin2s_ens: 1位勝率26.9%(累計)
[202601] 239R | v4bin2s: 1位勝率25.9%(累計) | v4bin3: 1位勝率26.8%(累計) | v4bin2s_ens: 1位勝率26.6%(累計)
[202602] 255R | v4bin2s: 1位勝率25.2%(累計) | v4bin3: 1位勝率25.6%(累計) | v4bin2s_ens: 1位勝率25.7%(累計)
[202603] 294R | v4bin2s: 1位勝率26.0%(累計) | v4bin3: 1位勝率26.0%(累計) | v4bin2s_ens: 1位勝率26.1%(累計)
[202604] 257R | v4bin2s: 1位勝率26.0%(累計) | v4bin3: 1位勝率25.4%(累計) | v4bin2s_ens: 1位勝率25.8%(累計)
[202605] 323R | v4bin2s: 1位勝率25.9%(累計) | v4bin3: 1位勝率25.8%(累計) | v4bin2s_ens: 1位勝率25.8%(累計)
[202606] 230R | v4bin2s: 1位勝率25.5%(累計) | v4bin3: 1位勝率25.1%(累計) | v4bin2s_ens: 1位勝率25.4%(累計)
[202607] 127R | v4bin2s: 1位勝率25.5%(累計) | v4bin3: 1位勝率25.1%(累計) | v4bin2s_ens: 1位勝率25.5%(累計)

==== V4BIN2S : 2200R ====
  捕捉5            68.1%
  ①1位 勝率 25.5% vs 市場implied 27.8%  → -2.2pt   (2位 +1.0pt / 3位 -1.0pt)
  ②1位単勝全買いROI 76.5%  (2200点)
  ③乖離帯10倍+×tier6-9 ROI 354.7%  (43点 / 的中8)   ※乖離単勝全体 137.2% (238点)
  ④外枠2位の逆転   1位-1.8pt / 外枠2位+4.4pt  (勝率 25.4% vs 22.0% / n=1079,295)

==== V4BIN3 : 2200R ====
  捕捉5            68.1%
  ①1位 勝率 25.1% vs 市場implied 27.4%  → -2.3pt   (2位 +0.4pt / 3位 -0.8pt)
  ②1位単勝全買いROI 74.2%  (2200点)
  ③乖離帯10倍+×tier6-9 ROI 185.7%  (44点 / 的中5)   ※乖離単勝全体 95.7% (265点)
  ④外枠2位の逆転   1位-1.5pt / 外枠2位+4.2pt  (勝率 25.2% vs 22.1% / n=1079,294)

==== V4BIN2S_ENS : 2200R ====
  捕捉5            68.3%
  ①1位 勝率 25.5% vs 市場implied 28.0%  → -2.4pt   (2位 +1.2pt / 3位 -0.9pt)
  ②1位単勝全買いROI 75.4%  (2200点)
  ③乖離帯10倍+×tier6-9 ROI 354.1%  (39点 / 的中7)   ※乖離単勝全体 125.8% (229点)
  ④外枠2位の逆転   1位-2.2pt / 外枠2位+5.7pt  (勝率 25.2% vs 23.5% / n=1079,307)

2200R を wf_preds_v4bin2s.jsonl に出力
