データ 6092R / fold ['202511', '202512', '202601', '202602', '202603', '202604', '202605', '202606', '202607'] / variants ['v4ens', 'v4ens3', 'v4bin2', 'v4bin']
[202511] 255R | v4ens: 1位勝率27.8%(累計) | v4ens3: 1位勝率28.2%(累計) | v4bin2: 1位勝率27.8%(累計) | v4bin: 1位勝率27.5%(累計)
[202512] 220R | v4ens: 1位勝率26.3%(累計) | v4ens3: 1位勝率26.9%(累計) | v4bin2: 1位勝率26.3%(累計) | v4bin: 1位勝率25.9%(累計)
[202601] 239R | v4ens: 1位勝率26.3%(累計) | v4ens3: 1位勝率26.8%(累計) | v4bin2: 1位勝率26.3%(累計) | v4bin: 1位勝率26.3%(累計)
[202602] 255R | v4ens: 1位勝率25.4%(累計) | v4ens3: 1位勝率25.6%(累計) | v4bin2: 1位勝率25.4%(累計) | v4bin: 1位勝率25.6%(累計)
[202603] 294R | v4ens: 1位勝率25.7%(累計) | v4ens3: 1位勝率26.2%(累計) | v4bin2: 1位勝率26.1%(累計) | v4bin: 1位勝率26.1%(累計)
[202604] 257R | v4ens: 1位勝率25.4%(累計) | v4ens3: 1位勝率25.5%(累計) | v4bin2: 1位勝率26.1%(累計) | v4bin: 1位勝率25.7%(累計)
[202605] 323R | v4ens: 1位勝率25.6%(累計) | v4ens3: 1位勝率25.6%(累計) | v4bin2: 1位勝率26.0%(累計) | v4bin: 1位勝率25.8%(累計)
[202606] 230R | v4ens: 1位勝率25.1%(累計) | v4ens3: 1位勝率25.2%(累計) | v4bin2: 1位勝率25.5%(累計) | v4bin: 1位勝率25.4%(累計)
[202607] 127R | v4ens: 1位勝率25.3%(累計) | v4ens3: 1位勝率25.4%(累計) | v4bin2: 1位勝率25.6%(累計) | v4bin: 1位勝率25.5%(累計)

==== V4ENS : 2200R ====
  捕捉5            68.4%
  ①1位 勝率 25.3% vs 市場implied 27.9%  → -2.6pt   (2位 +0.8pt / 3位 -1.0pt)
  ②1位単勝全買いROI 72.8%  (2200点)
  ③乖離帯10倍+×tier6-9 ROI 220.8%  (37点 / 的中5)   ※乖離単勝全体 110.5% (229点)
  ④外枠2位の逆転   1位-2.2pt / 外枠2位+4.6pt  (勝率 25.3% vs 21.6% / n=1079,296)

==== V4ENS3 : 2200R ====
  捕捉5            68.2%
  ①1位 勝率 25.4% vs 市場implied 27.9%  → -2.5pt   (2位 +1.1pt / 3位 -1.3pt)
  ②1位単勝全買いROI 74.0%  (2200点)
  ③乖離帯10倍+×tier6-9 ROI 204.2%  (40点 / 的中5)   ※乖離単勝全体 120.0% (237点)
  ④外枠2位の逆転   1位-2.3pt / 外枠2位+6.7pt  (勝率 25.0% vs 23.5% / n=1079,293)

==== V4BIN2 : 2200R ====
  捕捉5            68.1%
  ①1位 勝率 25.6% vs 市場implied 27.5%  → -2.0pt   (2位 +0.6pt / 3位 -0.8pt)
  ②1位単勝全買いROI 78.6%  (2200点)
  ③乖離帯10倍+×tier6-9 ROI 258.7%  (45点 / 的中6)   ※乖離単勝全体 127.6% (275点)
  ④外枠2位の逆転   1位-0.7pt / 外枠2位+4.3pt  (勝率 26.2% vs 21.9% / n=1079,288)

==== V4BIN : 2200R ====
  捕捉5            68.3%
  ①1位 勝率 25.5% vs 市場implied 27.8%  → -2.2pt   (2位 +0.5pt / 3位 -0.7pt)
  ②1位単勝全買いROI 74.2%  (2200点)
  ③乖離帯10倍+×tier6-9 ROI 233.4%  (35点 / 的中5)   ※乖離単勝全体 103.4% (238点)
  ④外枠2位の逆転   1位-2.1pt / 外枠2位+6.3pt  (勝率 25.1% vs 23.3% / n=1079,287)

2200R を wf_preds_v4bin.jsonl に出力
