データ 6092R / fold ['202511', '202512', '202601', '202602', '202603', '202604', '202605', '202606', '202607'] / variants ['v3', 'v4']
[202511] 255R | v3: 1位勝率28.2%(累計) | v4: 1位勝率27.1%(累計)
[202512] 220R | v3: 1位勝率26.3%(累計) | v4: 1位勝率25.9%(累計)
[202601] 239R | v3: 1位勝率26.1%(累計) | v4: 1位勝率25.6%(累計)
[202602] 255R | v3: 1位勝率25.3%(累計) | v4: 1位勝率25.0%(累計)
[202603] 294R | v3: 1位勝率25.6%(累計) | v4: 1位勝率25.3%(累計)
[202604] 257R | v3: 1位勝率24.8%(累計) | v4: 1位勝率24.9%(累計)
[202605] 323R | v3: 1位勝率24.9%(累計) | v4: 1位勝率25.1%(累計)
[202606] 230R | v3: 1位勝率24.6%(累計) | v4: 1位勝率24.7%(累計)
[202607] 127R | v3: 1位勝率24.8%(累計) | v4: 1位勝率24.9%(累計)

==== V3 : 2200R ====
  捕捉5            67.8%
  ①1位 勝率 24.8% vs 市場implied 27.6%  → -2.8pt   (2位 +0.4pt / 3位 +0.3pt)
  ②1位単勝全買いROI 75.7%  (2200点)
  ③乖離帯10倍+×tier6-9 ROI 296.9%  (45点 / 的中7)   ※乖離単勝全体 133.0% (254点)
  ④外枠2位の逆転   1位-3.1pt / 外枠2位+8.5pt  (勝率 24.0% vs 25.7% / n=1079,303)

==== V4 : 2200R ====
  捕捉5            68.2%
  ①1位 勝率 24.9% vs 市場implied 27.6%  → -2.8pt   (2位 +1.1pt / 3位 -0.5pt)
  ②1位単勝全買いROI 73.3%  (2200点)
  ③乖離帯10倍+×tier6-9 ROI 248.8%  (41点 / 的中5)   ※乖離単勝全体 114.0% (244点)
  ④外枠2位の逆転   1位-2.4pt / 外枠2位+5.6pt  (勝率 24.5% vs 23.2% / n=1079,302)

2200R を wf_preds_v4.jsonl に出力
