データ 6092R / fold ['202511', '202512', '202601', '202602', '202603', '202604', '202605', '202606', '202607'] / variants ['v4win', 'v4t3', 'v4bin', 'v3bin']
[202511] 255R | v4win: 1位勝率24.7%(累計) | v4t3: 1位勝率25.9%(累計) | v4bin: 1位勝率27.5%(累計) | v3bin: 1位勝率27.1%(累計)
[202512] 220R | v4win: 1位勝率23.8%(累計) | v4t3: 1位勝率25.1%(累計) | v4bin: 1位勝率25.9%(累計) | v3bin: 1位勝率25.7%(累計)
[202601] 239R | v4win: 1位勝率24.5%(累計) | v4t3: 1位勝率25.2%(累計) | v4bin: 1位勝率26.3%(累計) | v3bin: 1位勝率26.5%(累計)
[202602] 255R | v4win: 1位勝率23.7%(累計) | v4t3: 1位勝率24.5%(累計) | v4bin: 1位勝率25.6%(累計) | v3bin: 1位勝率25.4%(累計)
[202603] 294R | v4win: 1位勝率24.1%(累計) | v4t3: 1位勝率25.3%(累計) | v4bin: 1位勝率26.1%(累計) | v3bin: 1位勝率26.0%(累計)
[202604] 257R | v4win: 1位勝率24.5%(累計) | v4t3: 1位勝率24.9%(累計) | v4bin: 1位勝率25.7%(累計) | v3bin: 1位勝率25.6%(累計)
[202605] 323R | v4win: 1位勝率24.7%(累計) | v4t3: 1位勝率24.9%(累計) | v4bin: 1位勝率25.8%(累計) | v3bin: 1位勝率25.7%(累計)
[202606] 230R | v4win: 1位勝率24.5%(累計) | v4t3: 1位勝率24.7%(累計) | v4bin: 1位勝率25.4%(累計) | v3bin: 1位勝率25.3%(累計)
[202607] 127R | v4win: 1位勝率24.6%(累計) | v4t3: 1位勝率25.0%(累計) | v4bin: 1位勝率25.5%(累計) | v3bin: 1位勝率25.4%(累計)

==== V4WIN : 2200R ====
  捕捉5            67.5%
  ①1位 勝率 24.6% vs 市場implied 26.8%  → -2.2pt   (2位 +0.6pt / 3位 -0.2pt)
  ②1位単勝全買いROI 72.4%  (2200点)
  ③乖離帯10倍+×tier6-9 ROI 132.9%  (56点 / 的中5)   ※乖離単勝全体 88.5% (317点)
  ④外枠2位の逆転   1位-1.4pt / 外枠2位+0.7pt  (勝率 24.9% vs 17.9% / n=1079,301)

==== V4T3 : 2200R ====
  捕捉5            67.7%
  ①1位 勝率 25.0% vs 市場implied 27.7%  → -2.8pt   (2位 +1.8pt / 3位 -1.4pt)
  ②1位単勝全買いROI 73.0%  (2200点)
  ③乖離帯10倍+×tier6-9 ROI 171.1%  (38点 / 的中4)   ※乖離単勝全体 107.1% (249点)
  ④外枠2位の逆転   1位-3.1pt / 外枠2位+8.1pt  (勝率 23.7% vs 25.7% / n=1079,319)

==== V4BIN : 2200R ====
  捕捉5            68.3%
  ①1位 勝率 25.5% vs 市場implied 27.8%  → -2.2pt   (2位 +0.5pt / 3位 -0.7pt)
  ②1位単勝全買いROI 74.2%  (2200点)
  ③乖離帯10倍+×tier6-9 ROI 233.4%  (35点 / 的中5)   ※乖離単勝全体 103.4% (238点)
  ④外枠2位の逆転   1位-2.1pt / 外枠2位+6.3pt  (勝率 25.1% vs 23.3% / n=1079,287)

==== V3BIN : 2200R ====
  捕捉5            68.3%
  ①1位 勝率 25.4% vs 市場implied 27.8%  → -2.4pt   (2位 +0.8pt / 3位 -1.1pt)
  ②1位単勝全買いROI 74.9%  (2200点)
  ③乖離帯10倍+×tier6-9 ROI 306.2%  (40点 / 的中6)   ※乖離単勝全体 112.7% (249点)
  ④外枠2位の逆転   1位-2.7pt / 外枠2位+7.7pt  (勝率 24.5% vs 25.6% / n=1079,281)
