データ 6286R / fold ['202511', '202512', '202601', '202602', '202603', '202604', '202605', '202606', '202607', '202608'] / variants ['v5', 'v6']
[202511] 255R | v5: 1位勝率27.8%(累計) | v6: 1位勝率28.6%(累計)
[202512] 220R | v5: 1位勝率26.7%(累計) | v6: 1位勝率26.9%(累計)
[202601] 239R | v5: 1位勝率26.5%(累計) | v6: 1位勝率27.6%(累計)
[202602] 255R | v5: 1位勝率26.2%(累計) | v6: 1位勝率26.5%(累計)
[202603] 294R | v5: 1位勝率26.7%(累計) | v6: 1位勝率26.9%(累計)
[202604] 257R | v5: 1位勝率26.5%(累計) | v6: 1位勝率26.6%(累計)
[202605] 323R | v5: 1位勝率26.3%(累計) | v6: 1位勝率26.6%(累計)
[202606] 230R | v5: 1位勝率25.7%(累計) | v6: 1位勝率25.9%(累計)
[202607] 258R | v5: 1位勝率26.3%(累計) | v6: 1位勝率26.5%(累計)
[202608] 63R | v5: 1位勝率26.1%(累計) | v6: 1位勝率26.4%(累計)

==== V5 : 2394R ====
  捕捉5            68.7%
  ①1位 勝率 26.1% vs 市場implied 27.8%  → -1.7pt   (2位 -0.2pt / 3位 -0.8pt)
  ②1位単勝全買いROI 77.1%  (2394点)
  ③乖離帯10倍+×tier6-9 ROI 170.0%  (36点 / 的中4)   ※乖離単勝全体 108.8% (265点)
  ④外枠2位の逆転   1位-1.2pt / 外枠2位+2.0pt  (勝率 25.9% vs 19.5% / n=1145,323)

==== V6 : 2394R ====
  捕捉5            68.5%
  ①1位 勝率 26.4% vs 市場implied 27.8%  → -1.4pt   (2位 -0.2pt / 3位 -0.3pt)
  ②1位単勝全買いROI 78.6%  (2394点)
  ③乖離帯10倍+×tier6-9 ROI 283.3%  (36点 / 的中5)   ※乖離単勝全体 119.9% (273点)
  ④外枠2位の逆転   1位-0.8pt / 外枠2位+0.8pt  (勝率 26.3% vs 18.0% / n=1145,333)
