データ 6286R / fold ['202511', '202512', '202601', '202602', '202603', '202604', '202605', '202606', '202607', '202608'] / variants ['v6a', 'v6b']
[202511] 255R | v6a: 1位勝率29.0%(累計) | v6b: 1位勝率29.0%(累計)
[202512] 220R | v6a: 1位勝率27.2%(累計) | v6b: 1位勝率27.4%(累計)
[202601] 239R | v6a: 1位勝率27.7%(累計) | v6b: 1位勝率27.5%(累計)
[202602] 255R | v6a: 1位勝率26.7%(累計) | v6b: 1位勝率26.3%(累計)
[202603] 294R | v6a: 1位勝率26.2%(累計) | v6b: 1位勝率27.1%(累計)
[202604] 257R | v6a: 1位勝率26.2%(累計) | v6b: 1位勝率26.7%(累計)
[202605] 323R | v6a: 1位勝率25.9%(累計) | v6b: 1位勝率26.8%(累計)
[202606] 230R | v6a: 1位勝率25.4%(累計) | v6b: 1位勝率26.1%(累計)
[202607] 258R | v6a: 1位勝率25.8%(累計) | v6b: 1位勝率26.3%(累計)
[202608] 63R | v6a: 1位勝率25.7%(累計) | v6b: 1位勝率26.1%(累計)

==== V6A : 2394R ====
  捕捉5            68.7%
  ①1位 勝率 25.7% vs 市場implied 27.9%  → -2.1pt   (2位 +0.1pt / 3位 -0.1pt)
  ②1位単勝全買いROI 76.0%  (2394点)
  ③乖離帯10倍+×tier6-9 ROI 210.0%  (36点 / 的中5)   ※乖離単勝全体 110.8% (278点)
  ④外枠2位の逆転   1位-1.4pt / 外枠2位+1.8pt  (勝率 25.7% vs 19.4% / n=1145,325)

==== V6B : 2394R ====
  捕捉5            68.1%
  ①1位 勝率 26.1% vs 市場implied 28.0%  → -1.8pt   (2位 -0.5pt / 3位 +0.3pt)
  ②1位単勝全買いROI 75.5%  (2394点)
  ③乖離帯10倍+×tier6-9 ROI 211.0%  (29点 / 的中4)   ※乖離単勝全体 93.6% (253点)
  ④外枠2位の逆転   1位-1.4pt / 外枠2位+2.6pt  (勝率 25.9% vs 20.1% / n=1145,304)

2394R を wf_preds_v6a.jsonl に出力
