データ 6286R / fold ['202507', '202508', '202509', '202510', '202511', '202512', '202601', '202602', '202603', '202604', '202605', '202606', '202607', '202608'] / variants ['v3']
[202507] 250R | v3: 1位勝率25.2%(累計)
[202508] 311R | v3: 1位勝率26.7%(累計)
[202509] 199R | v3: 1位勝率27.1%(累計)
[202510] 214R | v3: 1位勝率26.1%(累計)
[202511] 255R | v3: 1位勝率26.6%(累計)
[202512] 220R | v3: 1位勝率25.7%(累計)
[202601] 239R | v3: 1位勝率25.7%(累計)
[202602] 255R | v3: 1位勝率25.5%(累計)
[202603] 294R | v3: 1位勝率26.0%(累計)
[202604] 257R | v3: 1位勝率25.5%(累計)
[202605] 323R | v3: 1位勝率25.5%(累計)
[202606] 230R | v3: 1位勝率25.3%(累計)
[202607] 258R | v3: 1位勝率25.7%(累計)
[202608] 63R | v3: 1位勝率25.6%(累計)

==== V3 : 3368R ====
  捕捉5            68.6%
  ①1位 勝率 25.6% vs 市場implied 28.1%  → -2.6pt   (2位 +1.1pt / 3位 -0.6pt)
  ②1位単勝全買いROI 72.3%  (3368点)
  ③乖離帯10倍+×tier6-9 ROI 125.2%  (48点 / 的中4)   ※乖離単勝全体 76.3% (351点)
  ④外枠2位の逆転   1位-2.5pt / 外枠2位+5.1pt  (勝率 24.2% vs 22.7% / n=1556,440)

3368R を wf_preds_v3.jsonl に出力
EXT-DONE
