train 2963 / test 127
lr=0.02 leaves=15 mdl=30 iter=6 valNDCG@5=0.5266
lr=0.02 leaves=15 mdl=50 iter=6 valNDCG@5=0.5266
lr=0.02 leaves=31 mdl=30 iter=101 valNDCG@5=0.5358
lr=0.02 leaves=31 mdl=50 iter=5 valNDCG@5=0.5263
lr=0.02 leaves=63 mdl=30 iter=16 valNDCG@5=0.5306
lr=0.02 leaves=63 mdl=50 iter=35 valNDCG@5=0.5229
lr=0.05 leaves=15 mdl=30 iter=9 valNDCG@5=0.5300
lr=0.05 leaves=15 mdl=50 iter=8 valNDCG@5=0.5287
lr=0.05 leaves=31 mdl=30 iter=4 valNDCG@5=0.5276
lr=0.05 leaves=31 mdl=50 iter=7 valNDCG@5=0.5279
lr=0.05 leaves=63 mdl=30 iter=57 valNDCG@5=0.5281
lr=0.05 leaves=63 mdl=50 iter=6 valNDCG@5=0.5310

選定: lr/leaves/min_data = (0.02, 31, 30) (train内バリデーションで選択)
アンサンブル重み(V3側): 1.0 (train内バリデーションで選択)

── train ──
  U2(現行)
    ★3着内馬が5位以内率 68.6% / 3頭全員5位以内率 30.5%
    勝ち馬=1位率 26.1% / 3位以内率 57.9% / 勝ち馬の平均順位 3.96
    モデル1位の単勝フラット回収率 74.5% (n=2963)
    乖離バケット(1位が4番人気以下 298R) 単勝回収率 93.3%
  V3(スイープ後)
    ★3着内馬が5位以内率 70.8% / 3頭全員5位以内率 33.1%
    勝ち馬=1位率 40.4% / 3位以内率 66.0% / 勝ち馬の平均順位 3.41
    モデル1位の単勝フラット回収率 140.2% (n=2963)
    乖離バケット(1位が4番人気以下 306R) 単勝回収率 327.5%
  ENS(V3×1.0)
    ★3着内馬が5位以内率 70.8% / 3頭全員5位以内率 33.1%
    勝ち馬=1位率 40.4% / 3位以内率 66.0% / 勝ち馬の平均順位 3.41
    モデル1位の単勝フラット回収率 140.2% (n=2963)
    乖離バケット(1位が4番人気以下 306R) 単勝回収率 327.5%

── test ──
  U2(現行)
    ★3着内馬が5位以内率 70.2% / 3頭全員5位以内率 29.1%
    勝ち馬=1位率 26.8% / 3位以内率 59.8% / 勝ち馬の平均順位 3.61
    モデル1位の単勝フラット回収率 79.9% (n=127)
    乖離バケット(1位が4番人気以下 9R) 単勝回収率 206.7%
  V3(スイープ後)
    ★3着内馬が5位以内率 71.0% / 3頭全員5位以内率 32.3%
    勝ち馬=1位率 30.7% / 3位以内率 62.2% / 勝ち馬の平均順位 3.57
    モデル1位の単勝フラット回収率 101.7% (n=127)
    乖離バケット(1位が4番人気以下 14R) 単勝回収率 250.7%
  ENS(V3×1.0)
    ★3着内馬が5位以内率 71.0% / 3頭全員5位以内率 32.3%
    勝ち馬=1位率 30.7% / 3位以内率 62.2% / 勝ち馬の平均順位 3.57
    モデル1位の単勝フラット回収率 101.7% (n=127)
    乖離バケット(1位が4番人気以下 14R) 単勝回収率 250.7%

model_v3.txt + ensemble_w_v3 を保存した。
