WATCH開始 20260719 対象35R (発走12分前判定)
WATCH開始 20260719 対象35R (発走12分前判定)
pass 函館2R 1位4ジャーナーリア=2人気 乖離なし
pass 福島2R 1位16クレアノア=3人気 乖離なし
pass 小倉2R 1位6カルロット=1人気 乖離なし
WATCH開始 20260719 対象35R (発走12分前判定)
pass 小倉2R 1位6カルロット=1人気 乖離なし
pass 函館3R 1位9ブレイズランナー=5人気 乖離なし
pass 福島3R 1位8ペプチドドリーム=1人気 乖離なし
FIRE 小倉3R 3歳未勝利 ダ1700 軸14エレーデサンライ(8.7倍4人気) 乖離単勝×上級(2勝+) [◎買い推奨] ROI145% | 単勝 14 (強化条件該当)
pass 函館4R 1位7ギオンバヤシ=1人気 乖離なし
pass 福島4R 1位9ユニバーサルラヴ=3人気 乖離なし
pass 小倉4R 1位11アラムシャピラス=1人気 乖離なし
err 202602011205 max() arg is an empty sequence
err 202603020805 max() arg is an empty sequence
err 202610020805 max() arg is an empty sequence
pass 函館6R 1位10マメーアップル=1人気 乖離なし
err 202603020806 max() arg is an empty sequence
pass 小倉6R 1位4フレアオブセンス=2人気 乖離なし
pass 函館7R 1位4プリンセスアツコ=3人気 乖離なし
pass 福島7R 1位4イントゥザウイン=1人気 乖離なし
FIRE 小倉7R 3歳以上1勝クラス 芝120 軸8タガノアルブラッ(14.8倍9人気) 乖離単勝×上級(2勝+) [◎買い推奨] ROI145% | 単勝 8 (強化条件該当)
FIRE 函館8R 3歳以上1勝クラス ダ100 軸4ワイドデコラシオ(13.4倍5人気) 乖離単勝×上級(2勝+) [◎買い推奨] ROI145% | 単勝 4 (強化条件該当)
pass 福島8R 1位8アメテュストス=1人気 乖離なし
pass 小倉8R 1位3スマッシング=3人気 乖離なし
FIRE 函館9R かもめ島特別 芝1800 軸2マイスターヴェル(7.5倍3人気) 乖離単勝×中距離 [◎買い推奨] ROI123% | 単勝 2 (強化条件該当)
pass 福島9R 1位3ヴァンヴィーヴ=3人気 乖離なし
pass 小倉9R 1位3タンテドヴィーヴ=1人気 乖離なし
pass 函館10R 1位12タガノエルー=1人気 乖離なし
pass 福島10R 1位4アロンズロッド=1人気 乖離なし
WATCH開始 20260719 対象35R (発走12分前判定)
