データ 7699R / fold 24本 202409〜202608
[M5] ランダム探索 4000本: 最良 MINE単勝ROI=92.5%
[M5] 座標降下 step=0.5: MINE単勝ROI=95.6%
[M5] 座標降下 step=0.25: MINE単勝ROI=98.4%
[M5] 座標降下 step=0.1: MINE単勝ROI=99.4%
[202409] 206R 完了
[202410] 235R 完了
[202411] 249R 完了
[202412] 210R 完了
[202501] 208R 完了
[202502] 257R 完了
[202503] 328R 完了
[202504] 256R 完了
[202505] 298R 完了
[202506] 250R 完了
[202507] 250R 完了
[202508] 311R 完了
[202509] 199R 完了
[202510] 214R 完了
[202511] 255R 完了
[202512] 220R 完了
[202601] 239R 完了
[202602] 255R 完了
[202603] 294R 完了
[202604] 257R 完了
[202605] 323R 完了
[202606] 230R 完了
[202607] 258R 完了
[202608] 188R 完了
5990R を payout_obj_preds.jsonl に出力 / M5重みを payout_obj_m5.json に保存
