
========================================================================
v3place
========================================================================
[MINE] n=5014
   mdl  捕捉3=47.43% NDCG@3=0.4977 Brier=0.1433
   mkt  捕捉3=52.56% NDCG@3=0.5537 Brier=0.1335
   bl   捕捉3=52.55% NDCG@3=0.5537 Brier=0.1322
   Δmdl-mkt: NDCG -0.0560 [-0.0621,-0.0500] P(>0)=0.0 | 捕捉3 -5.13pt P(>0)=0.0 | Brier +0.00986 P(>0)=1.0
   Δbl-mkt: NDCG -0.0001 [-0.0008,+0.0007] P(>0)=0.438 | 捕捉3 -0.01pt P(>0)=0.393 | Brier -0.00123 P(>0)=0.0
[VALIDATE] n=874
   mdl  捕捉3=50.80% NDCG@3=0.5260 Brier=0.1361
   mkt  捕捉3=54.27% NDCG@3=0.5713 Brier=0.1275
   bl   捕捉3=54.23% NDCG@3=0.5713 Brier=0.1267
   Δmdl-mkt: NDCG -0.0454 [-0.0597,-0.0311] P(>0)=0.0 | 捕捉3 -3.47pt P(>0)=0.0 | Brier +0.00861 P(>0)=1.0
   Δbl-mkt: NDCG +0.0000 [-0.0014,+0.0013] P(>0)=0.521 | 捕捉3 -0.04pt P(>0)=0.373 | Brier -0.00072 P(>0)=0.0
[CONFIRM] n=675
   mdl  捕捉3=47.70% NDCG@3=0.5000 Brier=0.1472
   mkt  捕捉3=51.51% NDCG@3=0.5452 Brier=0.1398
   bl   捕捉3=51.61% NDCG@3=0.5462 Brier=0.1382
   Δmdl-mkt: NDCG -0.0452 [-0.0613,-0.0293] P(>0)=0.0 | 捕捉3 -3.80pt P(>0)=0.0 | Brier +0.00751 P(>0)=1.0
   Δbl-mkt: NDCG +0.0010 [-0.0015,+0.0035] P(>0)=0.776 | 捕捉3 +0.10pt P(>0)=0.735 | Brier -0.00156 P(>0)=0.0
[V+C] n=1549
   mdl  捕捉3=49.45% NDCG@3=0.5146 Brier=0.1409
   mkt  捕捉3=53.07% NDCG@3=0.5599 Brier=0.1328
   bl   捕捉3=53.09% NDCG@3=0.5604 Brier=0.1317
   Δmdl-mkt: NDCG -0.0453 [-0.0557,-0.0346] P(>0)=0.0 | 捕捉3 -3.62pt P(>0)=0.0 | Brier +0.00813 P(>0)=1.0
   Δbl-mkt: NDCG +0.0004 [-0.0009,+0.0018] P(>0)=0.748 | 捕捉3 +0.02pt P(>0)=0.64 | Brier -0.00108 P(>0)=0.0

========================================================================
v8place
========================================================================
[MINE] n=5014
   mdl  捕捉3=47.75% NDCG@3=0.5005 Brier=0.1431
   mkt  捕捉3=52.58% NDCG@3=0.5539 Brier=0.1335
   bl   捕捉3=52.53% NDCG@3=0.5537 Brier=0.1322
   Δmdl-mkt: NDCG -0.0534 [-0.0593,-0.0474] P(>0)=0.0 | 捕捉3 -4.83pt P(>0)=0.0 | Brier +0.00966 P(>0)=1.0
   Δbl-mkt: NDCG -0.0003 [-0.0010,+0.0005] P(>0)=0.263 | 捕捉3 -0.05pt P(>0)=0.185 | Brier -0.00124 P(>0)=0.0
[VALIDATE] n=874
   mdl  捕捉3=50.61% NDCG@3=0.5275 Brier=0.1357
   mkt  捕捉3=54.23% NDCG@3=0.5714 Brier=0.1275
   bl   捕捉3=54.12% NDCG@3=0.5711 Brier=0.1267
   Δmdl-mkt: NDCG -0.0439 [-0.0578,-0.0302] P(>0)=0.0 | 捕捉3 -3.62pt P(>0)=0.0 | Brier +0.00823 P(>0)=1.0
   Δbl-mkt: NDCG -0.0003 [-0.0022,+0.0017] P(>0)=0.381 | 捕捉3 -0.11pt P(>0)=0.151 | Brier -0.00073 P(>0)=0.001
[CONFIRM] n=675
   mdl  捕捉3=48.39% NDCG@3=0.5053 Brier=0.1468
   mkt  捕捉3=51.51% NDCG@3=0.5451 Brier=0.1398
   bl   捕捉3=51.65% NDCG@3=0.5465 Brier=0.1382
   Δmdl-mkt: NDCG -0.0398 [-0.0559,-0.0239] P(>0)=0.0 | 捕捉3 -3.11pt P(>0)=0.0 | Brier +0.00708 P(>0)=1.0
   Δbl-mkt: NDCG +0.0014 [-0.0011,+0.0041] P(>0)=0.855 | 捕捉3 +0.15pt P(>0)=0.812 | Brier -0.00156 P(>0)=0.0
[V+C] n=1549
   mdl  捕捉3=49.65% NDCG@3=0.5178 Brier=0.1406
   mkt  捕捉3=53.04% NDCG@3=0.5599 Brier=0.1328
   bl   捕捉3=53.04% NDCG@3=0.5604 Brier=0.1317
   Δmdl-mkt: NDCG -0.0421 [-0.0525,-0.0316] P(>0)=0.0 | 捕捉3 -3.40pt P(>0)=0.0 | Brier +0.00773 P(>0)=1.0
   Δbl-mkt: NDCG +0.0004 [-0.0011,+0.0021] P(>0)=0.721 | 捕捉3 +0.00pt P(>0)=0.525 | Brier -0.00109 P(>0)=0.0

wrote place_rank_result.json
