
==============================================================================
v3place
==============================================================================
races=6890 dropped(ledger)=1 no_real_odds=1 months=202403..202608

[1] α_place の月次WF（市場側=実複勝オッズ / 旧=単勝Harville）
  α推定に使うレース（8頭以上・複勝3着まで）= 6723 R / 5〜7頭立て 167 R は除外
  参考: 全レースでの Harville α（旧報告と同一集合）最終fold = +0.0357
  fold     real α(se,z)             harville α(se,z)         both α(se,z)            
  202404  [MINE    ] tr=  318R  +0.0871(0.0742,+1.17) +0.0766(0.0721,+1.06) +0.0712(0.0745,+0.96) 
  202407  [MINE    ] tr=  469R  +0.0575(0.0605,+0.95) +0.0538(0.0588,+0.92) +0.0371(0.0606,+0.61) 
  202408  [MINE    ] tr=  629R  -0.0195(0.0515,-0.38) -0.0079(0.0499,-0.16) -0.0378(0.0518,-0.73) 
  202409  [MINE    ] tr=  877R  -0.0240(0.0451,-0.53) +0.0107(0.0425,+0.25) -0.0387(0.0451,-0.86) 
  202410  [MINE    ] tr= 1077R  -0.0085(0.0411,-0.21) +0.0253(0.0387,+0.65) -0.0268(0.0411,-0.65) 
  202411  [MINE    ] tr= 1300R  -0.0030(0.0368,-0.08) +0.0221(0.0348,+0.63) -0.0263(0.0369,-0.71) 
  202412  [MINE    ] tr= 1542R  -0.0139(0.0334,-0.41) +0.0096(0.0316,+0.30) -0.0371(0.0335,-1.11) 
  202501  [MINE    ] tr= 1748R  -0.0036(0.0315,-0.11) +0.0228(0.0296,+0.77) -0.0281(0.0314,-0.90) 
  202502  [MINE    ] tr= 1954R  +0.0081(0.0299,+0.27) +0.0319(0.0282,+1.13) -0.0180(0.0298,-0.60) 
  202503  [MINE    ] tr= 2207R  -0.0089(0.0284,-0.31) +0.0155(0.0268,+0.58) -0.0364(0.0284,-1.28) 
  202504  [MINE    ] tr= 2533R  -0.0081(0.0265,-0.31) +0.0115(0.0251,+0.46) -0.0417(0.0265,-1.58) 
  202505  [MINE    ] tr= 2784R  -0.0089(0.0251,-0.36) +0.0054(0.0239,+0.22) -0.0468(0.0251,-1.86) 
  202506  [MINE    ] tr= 3074R  -0.0090(0.0240,-0.38) +0.0027(0.0228,+0.12) -0.0480(0.0240,-2.00) 
  202507  [MINE    ] tr= 3320R  -0.0018(0.0232,-0.08) +0.0103(0.0221,+0.47) -0.0413(0.0233,-1.77) 
  202508  [MINE    ] tr= 3560R  +0.0029(0.0225,+0.13) +0.0158(0.0214,+0.74) -0.0362(0.0226,-1.60) 
  202509  [MINE    ] tr= 3854R  +0.0069(0.0217,+0.32) +0.0203(0.0206,+0.99) -0.0326(0.0218,-1.50) 
  202510  [MINE    ] tr= 4041R  +0.0102(0.0212,+0.48) +0.0228(0.0201,+1.13) -0.0302(0.0213,-1.42) 
  202511  [MINE    ] tr= 4244R  +0.0078(0.0207,+0.37) +0.0217(0.0197,+1.10) -0.0330(0.0208,-1.59) 
  202512  [MINE    ] tr= 4495R  +0.0042(0.0202,+0.21) +0.0180(0.0192,+0.94) -0.0371(0.0203,-1.83) 
  202601  [MINE    ] tr= 4713R  +0.0081(0.0197,+0.41) +0.0195(0.0187,+1.04) -0.0340(0.0198,-1.72) 
  202602  [MINE    ] tr= 4950R  +0.0147(0.0192,+0.76) +0.0244(0.0183,+1.34) -0.0286(0.0194,-1.48) 
  202603  [VALIDATE] tr= 5200R  +0.0131(0.0188,+0.70) +0.0240(0.0178,+1.35) -0.0305(0.0189,-1.61) 
  202604  [VALIDATE] tr= 5487R  +0.0213(0.0184,+1.16) +0.0283(0.0175,+1.61) -0.0253(0.0185,-1.36) 
  202605  [VALIDATE] tr= 5739R  +0.0204(0.0180,+1.13) +0.0277(0.0172,+1.61) -0.0268(0.0182,-1.47) 
  202606  [CONFIRM ] tr= 6060R  +0.0298(0.0175,+1.70) +0.0351(0.0167,+2.10) -0.0185(0.0177,-1.04) 
  202607  [CONFIRM ] tr= 6286R  +0.0273(0.0173,+1.58) +0.0326(0.0165,+1.98) -0.0211(0.0175,-1.21) 
  202608  [CONFIRM ] tr= 6541R  +0.0267(0.0170,+1.58) +0.0315(0.0162,+1.95) -0.0224(0.0171,-1.31) 
  → α>0: 16/27fold 最長連続=13 最終fold α=+0.0267  [実複勝オッズ]
  → α>0: 26/27fold 最長連続=24 最終fold α=+0.0315  [単勝Harville]
  → α>0: 2/27fold 最長連続=2 最終fold α=-0.0224  [両方入り]

  [OOS対数損失/頭]  split   市場のみ   +モデル    改善
   MINE      real      0.403184  0.403222  -0.000038  (n=68842頭)
   MINE      hv        0.400622  0.400644  -0.000022  (n=68842頭)
   VALIDATE  real      0.388781  0.388695  +0.000086  (n=12267頭)
   VALIDATE  hv        0.385261  0.385159  +0.000102  (n=12267頭)
   CONFIRM   real      0.417047  0.417017  +0.000030  (n=9065頭)
   CONFIRM   hv        0.413823  0.413790  +0.000033  (n=9065頭)

  [ヌル検査] 最終foldでモデル確率をレース内シャッフル
   実データ α=+0.0267 / ヌル8本 平均-0.0042 最大+0.0159 実データ以上 0/8

[2] 券種テーブル構築（実オッズ）
   1000/6562 (55s)
   2000/6562 (59s)
   3000/6562 (63s)
   4000/6562 (69s)
   5000/6562 (73s)
