データ 6092R / fold ['202511', '202512', '202601', '202602', '202603', '202604', '202605', '202606', '202607'] / variants ['v5a', 'v5b']
[202511] 255R | v5a: 1位勝率27.8%(累計) | v5b: 1位勝率29.4%(累計)
[202512] 220R | v5a: 1位勝率26.7%(累計) | v5b: 1位勝率28.2%(累計)
[202601] 239R | v5a: 1位勝率26.5%(累計) | v5b: 1位勝率28.2%(累計)
[202602] 255R | v5a: 1位勝率25.5%(累計) | v5b: 1位勝率26.6%(累計)
[202603] 294R | v5a: 1位勝率26.0%(累計) | v5b: 1位勝率26.6%(累計)
[202604] 257R | v5a: 1位勝率25.9%(累計) | v5b: 1位勝率26.3%(累計)
[202605] 323R | v5a: 1位勝率26.3%(累計) | v5b: 1位勝率26.2%(累計)
[202606] 230R | v5a: 1位勝率25.8%(累計) | v5b: 1位勝率25.5%(累計)
[202607] 127R | v5a: 1位勝率26.1%(累計) | v5b: 1位勝率25.8%(累計)

==== V5A : 2200R ====
  捕捉5            68.3%
  ①1位 勝率 26.1% vs 市場implied 27.9%  → -1.8pt   (2位 +0.0pt / 3位 -0.6pt)
  ②1位単勝全買いROI 75.9%  (2200点)
  ③乖離帯10倍+×tier6-9 ROI 173.1%  (32点 / 的中4)   ※乖離単勝全体 94.0% (249点)
  ④外枠2位の逆転   1位-1.7pt / 外枠2位+3.3pt  (勝率 25.5% vs 20.2% / n=1079,307)

==== V5B : 2200R ====
  捕捉5            68.3%
  ①1位 勝率 25.8% vs 市場implied 27.8%  → -2.0pt   (2位 -0.3pt / 3位 -0.1pt)
  ②1位単勝全買いROI 77.7%  (2200点)
  ③乖離帯10倍+×tier6-9 ROI 264.2%  (31点 / 的中4)   ※乖離単勝全体 127.9% (234点)
  ④外枠2位の逆転   1位-1.2pt / 外枠2位+3.1pt  (勝率 25.9% vs 20.7% / n=1079,294)
