データ 6092R / fold ['202511', '202512', '202601', '202602', '202603', '202604', '202605', '202606', '202607'] / variants ['v3', 'v4bin2u', 'v5']
[202511] 255R | v3: 1位勝率28.6%(累計) | v4bin2u: 1位勝率31.4%(累計) | v5: 1位勝率29.4%(累計)
[202512] 220R | v3: 1位勝率26.1%(累計) | v4bin2u: 1位勝率28.6%(累計) | v5: 1位勝率28.0%(累計)
[202601] 239R | v3: 1位勝率26.8%(累計) | v4bin2u: 1位勝率27.7%(累計) | v5: 1位勝率28.3%(累計)
[202602] 255R | v3: 1位勝率26.1%(累計) | v4bin2u: 1位勝率27.3%(累計) | v5: 1位勝率27.0%(累計)
[202603] 294R | v3: 1位勝率26.8%(累計) | v4bin2u: 1位勝率27.3%(累計) | v5: 1位勝率27.3%(累計)
[202604] 257R | v3: 1位勝率26.1%(累計) | v4bin2u: 1位勝率26.8%(累計) | v5: 1位勝率27.0%(累計)
[202605] 323R | v3: 1位勝率26.4%(累計) | v4bin2u: 1位勝率26.8%(累計) | v5: 1位勝率27.3%(累計)
[202606] 230R | v3: 1位勝率25.8%(累計) | v4bin2u: 1位勝率26.2%(累計) | v5: 1位勝率26.6%(累計)
[202607] 127R | v3: 1位勝率26.1%(累計) | v4bin2u: 1位勝率26.3%(累計) | v5: 1位勝率26.7%(累計)

==== V3 : 2200R ====
  捕捉5            68.3%
  ①1位 勝率 26.1% vs 市場implied 28.0%  → -1.9pt   (2位 -0.2pt / 3位 -0.2pt)
  ②1位単勝全買いROI 77.2%  (2200点)
  ③乖離帯10倍+×tier6-9 ROI 277.9%  (29点 / 的中5)   ※乖離単勝全体 124.4% (230点)
  ④外枠2位の逆転   1位-1.6pt / 外枠2位+5.8pt  (勝率 25.6% vs 23.4% / n=1079,312)

==== V4BIN2U : 2200R ====
  捕捉5            68.2%
  ①1位 勝率 26.3% vs 市場implied 27.8%  → -1.5pt   (2位 -0.3pt / 3位 -0.2pt)
  ②1位単勝全買いROI 79.6%  (2200点)
  ③乖離帯10倍+×tier6-9 ROI 253.3%  (36点 / 的中6)   ※乖離単勝全体 126.9% (242点)
  ④外枠2位の逆転   1位-1.5pt / 外枠2位+0.6pt  (勝率 25.7% vs 18.9% / n=1079,280)

==== V5 : 2200R ====
  捕捉5            68.6%
  ①1位 勝率 26.7% vs 市場implied 28.1%  → -1.3pt   (2位 -1.3pt / 3位 +0.6pt)
  ②1位単勝全買いROI 80.3%  (2200点)
  ③乖離帯10倍+×tier6-9 ROI 315.0%  (24点 / 的中5)   ※乖離単勝全体 146.9% (217点)
  ④外枠2位の逆転   1位-0.4pt / 外枠2位-1.4pt  (勝率 27.2% vs 15.7% / n=1079,300)

2200R を wf_preds_v5.jsonl に出力
